<?xml version="1.0" encoding="ISO-8859-1" ?>
<link_info>
   <banner>MSP430 Linker PC v21.6.1.LTS</banner>
   <copyright>Copyright (c) 2003-2018 Texas Instruments Incorporated</copyright>
   <link_time>0x691b2bd8</link_time>
   <link_errors>0x0</link_errors>
   <output_file>ULP_Case_Study.out</output_file>
   <entry_point>
      <name>_c_int00_noargs</name>
      <address>0x8508</address>
   </entry_point>
   <input_file_list>
      <input_file id="fl-2">
         <path>.\</path>
         <kind>object</kind>
         <file>Inefficient.obj</file>
         <name>Inefficient.obj</name>
      </input_file>
      <input_file id="fl-8">
         <kind>object</kind>
         <file>&lt;internal&gt;</file>
         <name>&lt;internal&gt;</name>
      </input_file>
      <input_file id="fl-23">
         <path>C:\ti\ccs2020\ccs\tools\compiler\ti-cgt-msp430_21.6.1.LTS\lib\</path>
         <kind>archive</kind>
         <file>rts430x_lc_sd_eabi.lib</file>
         <name>copy_decompress_lzss.c.obj</name>
      </input_file>
      <input_file id="fl-24">
         <path>C:\ti\ccs2020\ccs\tools\compiler\ti-cgt-msp430_21.6.1.LTS\lib\</path>
         <kind>archive</kind>
         <file>rts430x_lc_sd_eabi.lib</file>
         <name>copy_decompress_none.c.obj</name>
      </input_file>
      <input_file id="fl-25">
         <path>C:\ti\ccs2020\ccs\tools\compiler\ti-cgt-msp430_21.6.1.LTS\lib\</path>
         <kind>archive</kind>
         <file>rts430x_lc_sd_eabi.lib</file>
         <name>int30.asm.obj</name>
      </input_file>
      <input_file id="fl-26">
         <path>C:\ti\ccs2020\ccs\tools\compiler\ti-cgt-msp430_21.6.1.LTS\lib\</path>
         <kind>archive</kind>
         <file>rts430x_lc_sd_eabi.lib</file>
         <name>isr_trap.asm.obj</name>
      </input_file>
      <input_file id="fl-27">
         <path>C:\ti\ccs2020\ccs\tools\compiler\ti-cgt-msp430_21.6.1.LTS\lib\</path>
         <kind>archive</kind>
         <file>rts430x_lc_sd_eabi.lib</file>
         <name>int31.asm.obj</name>
      </input_file>
      <input_file id="fl-28">
         <path>C:\ti\ccs2020\ccs\tools\compiler\ti-cgt-msp430_21.6.1.LTS\lib\</path>
         <kind>archive</kind>
         <file>rts430x_lc_sd_eabi.lib</file>
         <name>int32.asm.obj</name>
      </input_file>
      <input_file id="fl-29">
         <path>C:\ti\ccs2020\ccs\tools\compiler\ti-cgt-msp430_21.6.1.LTS\lib\</path>
         <kind>archive</kind>
         <file>rts430x_lc_sd_eabi.lib</file>
         <name>int33.asm.obj</name>
      </input_file>
      <input_file id="fl-2a">
         <path>C:\ti\ccs2020\ccs\tools\compiler\ti-cgt-msp430_21.6.1.LTS\lib\</path>
         <kind>archive</kind>
         <file>rts430x_lc_sd_eabi.lib</file>
         <name>int34.asm.obj</name>
      </input_file>
      <input_file id="fl-2b">
         <path>C:\ti\ccs2020\ccs\tools\compiler\ti-cgt-msp430_21.6.1.LTS\lib\</path>
         <kind>archive</kind>
         <file>rts430x_lc_sd_eabi.lib</file>
         <name>int35.asm.obj</name>
      </input_file>
      <input_file id="fl-2c">
         <path>C:\ti\ccs2020\ccs\tools\compiler\ti-cgt-msp430_21.6.1.LTS\lib\</path>
         <kind>archive</kind>
         <file>rts430x_lc_sd_eabi.lib</file>
         <name>int36.asm.obj</name>
      </input_file>
      <input_file id="fl-2d">
         <path>C:\ti\ccs2020\ccs\tools\compiler\ti-cgt-msp430_21.6.1.LTS\lib\</path>
         <kind>archive</kind>
         <file>rts430x_lc_sd_eabi.lib</file>
         <name>int37.asm.obj</name>
      </input_file>
      <input_file id="fl-2e">
         <path>C:\ti\ccs2020\ccs\tools\compiler\ti-cgt-msp430_21.6.1.LTS\lib\</path>
         <kind>archive</kind>
         <file>rts430x_lc_sd_eabi.lib</file>
         <name>int38.asm.obj</name>
      </input_file>
      <input_file id="fl-2f">
         <path>C:\ti\ccs2020\ccs\tools\compiler\ti-cgt-msp430_21.6.1.LTS\lib\</path>
         <kind>archive</kind>
         <file>rts430x_lc_sd_eabi.lib</file>
         <name>int39.asm.obj</name>
      </input_file>
      <input_file id="fl-30">
         <path>C:\ti\ccs2020\ccs\tools\compiler\ti-cgt-msp430_21.6.1.LTS\lib\</path>
         <kind>archive</kind>
         <file>rts430x_lc_sd_eabi.lib</file>
         <name>int40.asm.obj</name>
      </input_file>
      <input_file id="fl-31">
         <path>C:\ti\ccs2020\ccs\tools\compiler\ti-cgt-msp430_21.6.1.LTS\lib\</path>
         <kind>archive</kind>
         <file>rts430x_lc_sd_eabi.lib</file>
         <name>int41.asm.obj</name>
      </input_file>
      <input_file id="fl-32">
         <path>C:\ti\ccs2020\ccs\tools\compiler\ti-cgt-msp430_21.6.1.LTS\lib\</path>
         <kind>archive</kind>
         <file>rts430x_lc_sd_eabi.lib</file>
         <name>int42.asm.obj</name>
      </input_file>
      <input_file id="fl-33">
         <path>C:\ti\ccs2020\ccs\tools\compiler\ti-cgt-msp430_21.6.1.LTS\lib\</path>
         <kind>archive</kind>
         <file>rts430x_lc_sd_eabi.lib</file>
         <name>int43.asm.obj</name>
      </input_file>
      <input_file id="fl-34">
         <path>C:\ti\ccs2020\ccs\tools\compiler\ti-cgt-msp430_21.6.1.LTS\lib\</path>
         <kind>archive</kind>
         <file>rts430x_lc_sd_eabi.lib</file>
         <name>int44.asm.obj</name>
      </input_file>
      <input_file id="fl-35">
         <path>C:\ti\ccs2020\ccs\tools\compiler\ti-cgt-msp430_21.6.1.LTS\lib\</path>
         <kind>archive</kind>
         <file>rts430x_lc_sd_eabi.lib</file>
         <name>int45.asm.obj</name>
      </input_file>
      <input_file id="fl-36">
         <path>C:\ti\ccs2020\ccs\tools\compiler\ti-cgt-msp430_21.6.1.LTS\lib\</path>
         <kind>archive</kind>
         <file>rts430x_lc_sd_eabi.lib</file>
         <name>int46.asm.obj</name>
      </input_file>
      <input_file id="fl-37">
         <path>C:\ti\ccs2020\ccs\tools\compiler\ti-cgt-msp430_21.6.1.LTS\lib\</path>
         <kind>archive</kind>
         <file>rts430x_lc_sd_eabi.lib</file>
         <name>int47.asm.obj</name>
      </input_file>
      <input_file id="fl-38">
         <path>C:\ti\ccs2020\ccs\tools\compiler\ti-cgt-msp430_21.6.1.LTS\lib\</path>
         <kind>archive</kind>
         <file>rts430x_lc_sd_eabi.lib</file>
         <name>int48.asm.obj</name>
      </input_file>
      <input_file id="fl-39">
         <path>C:\ti\ccs2020\ccs\tools\compiler\ti-cgt-msp430_21.6.1.LTS\lib\</path>
         <kind>archive</kind>
         <file>rts430x_lc_sd_eabi.lib</file>
         <name>int49.asm.obj</name>
      </input_file>
      <input_file id="fl-3a">
         <path>C:\ti\ccs2020\ccs\tools\compiler\ti-cgt-msp430_21.6.1.LTS\lib\</path>
         <kind>archive</kind>
         <file>rts430x_lc_sd_eabi.lib</file>
         <name>int50.asm.obj</name>
      </input_file>
      <input_file id="fl-3b">
         <path>C:\ti\ccs2020\ccs\tools\compiler\ti-cgt-msp430_21.6.1.LTS\lib\</path>
         <kind>archive</kind>
         <file>rts430x_lc_sd_eabi.lib</file>
         <name>int51.asm.obj</name>
      </input_file>
      <input_file id="fl-3c">
         <path>C:\ti\ccs2020\ccs\tools\compiler\ti-cgt-msp430_21.6.1.LTS\lib\</path>
         <kind>archive</kind>
         <file>rts430x_lc_sd_eabi.lib</file>
         <name>int52.asm.obj</name>
      </input_file>
      <input_file id="fl-3d">
         <path>C:\ti\ccs2020\ccs\tools\compiler\ti-cgt-msp430_21.6.1.LTS\lib\</path>
         <kind>archive</kind>
         <file>rts430x_lc_sd_eabi.lib</file>
         <name>int53.asm.obj</name>
      </input_file>
      <input_file id="fl-3e">
         <path>C:\ti\ccs2020\ccs\tools\compiler\ti-cgt-msp430_21.6.1.LTS\lib\</path>
         <kind>archive</kind>
         <file>rts430x_lc_sd_eabi.lib</file>
         <name>int54.asm.obj</name>
      </input_file>
      <input_file id="fl-3f">
         <path>C:\ti\ccs2020\ccs\tools\compiler\ti-cgt-msp430_21.6.1.LTS\lib\</path>
         <kind>archive</kind>
         <file>rts430x_lc_sd_eabi.lib</file>
         <name>copy_zero_init.c.obj</name>
      </input_file>
      <input_file id="fl-40">
         <path>C:\ti\ccs2020\ccs\tools\compiler\ti-cgt-msp430_21.6.1.LTS\lib\</path>
         <kind>archive</kind>
         <file>rts430x_lc_sd_eabi.lib</file>
         <name>cpy_util.asm.obj</name>
      </input_file>
      <input_file id="fl-41">
         <path>C:\ti\ccs2020\ccs\tools\compiler\ti-cgt-msp430_21.6.1.LTS\lib\</path>
         <kind>archive</kind>
         <file>rts430x_lc_sd_eabi.lib</file>
         <name>addd.c.obj</name>
      </input_file>
      <input_file id="fl-42">
         <path>C:\ti\ccs2020\ccs\tools\compiler\ti-cgt-msp430_21.6.1.LTS\lib\</path>
         <kind>archive</kind>
         <file>rts430x_lc_sd_eabi.lib</file>
         <name>cvtdf.c.obj</name>
      </input_file>
      <input_file id="fl-43">
         <path>C:\ti\ccs2020\ccs\tools\compiler\ti-cgt-msp430_21.6.1.LTS\lib\</path>
         <kind>archive</kind>
         <file>rts430x_lc_sd_eabi.lib</file>
         <name>cvtfd.c.obj</name>
      </input_file>
      <input_file id="fl-44">
         <path>C:\ti\ccs2020\ccs\tools\compiler\ti-cgt-msp430_21.6.1.LTS\lib\</path>
         <kind>archive</kind>
         <file>rts430x_lc_sd_eabi.lib</file>
         <name>divd.c.obj</name>
      </input_file>
      <input_file id="fl-45">
         <path>C:\ti\ccs2020\ccs\tools\compiler\ti-cgt-msp430_21.6.1.LTS\lib\</path>
         <kind>archive</kind>
         <file>rts430x_lc_sd_eabi.lib</file>
         <name>frcdivd.c.obj</name>
      </input_file>
      <input_file id="fl-46">
         <path>C:\ti\ccs2020\ccs\tools\compiler\ti-cgt-msp430_21.6.1.LTS\lib\</path>
         <kind>archive</kind>
         <file>rts430x_lc_sd_eabi.lib</file>
         <name>fltud.c.obj</name>
      </input_file>
      <input_file id="fl-47">
         <path>C:\ti\ccs2020\ccs\tools\compiler\ti-cgt-msp430_21.6.1.LTS\lib\</path>
         <kind>archive</kind>
         <file>rts430x_lc_sd_eabi.lib</file>
         <name>fs_utof.asm.obj</name>
      </input_file>
      <input_file id="fl-48">
         <path>C:\ti\ccs2020\ccs\tools\compiler\ti-cgt-msp430_21.6.1.LTS\lib\</path>
         <kind>archive</kind>
         <file>rts430x_lc_sd_eabi.lib</file>
         <name>fltuld.c.obj</name>
      </input_file>
      <input_file id="fl-49">
         <path>C:\ti\ccs2020\ccs\tools\compiler\ti-cgt-msp430_21.6.1.LTS\lib\</path>
         <kind>archive</kind>
         <file>rts430x_lc_sd_eabi.lib</file>
         <name>mpyd.c.obj</name>
      </input_file>
      <input_file id="fl-4a">
         <path>C:\ti\ccs2020\ccs\tools\compiler\ti-cgt-msp430_21.6.1.LTS\lib\</path>
         <kind>archive</kind>
         <file>rts430x_lc_sd_eabi.lib</file>
         <name>frcmpyd.c.obj</name>
      </input_file>
      <input_file id="fl-4b">
         <path>C:\ti\ccs2020\ccs\tools\compiler\ti-cgt-msp430_21.6.1.LTS\lib\</path>
         <kind>archive</kind>
         <file>rts430x_lc_sd_eabi.lib</file>
         <name>mult16.asm.obj</name>
      </input_file>
      <input_file id="fl-4c">
         <path>C:\ti\ccs2020\ccs\tools\compiler\ti-cgt-msp430_21.6.1.LTS\lib\</path>
         <kind>archive</kind>
         <file>rts430x_lc_sd_eabi.lib</file>
         <name>mult16_f5hw.asm.obj</name>
      </input_file>
      <input_file id="fl-4d">
         <path>C:\ti\ccs2020\ccs\tools\compiler\ti-cgt-msp430_21.6.1.LTS\lib\</path>
         <kind>archive</kind>
         <file>rts430x_lc_sd_eabi.lib</file>
         <name>mult32.asm.obj</name>
      </input_file>
      <input_file id="fl-4e">
         <path>C:\ti\ccs2020\ccs\tools\compiler\ti-cgt-msp430_21.6.1.LTS\lib\</path>
         <kind>archive</kind>
         <file>rts430x_lc_sd_eabi.lib</file>
         <name>mult32_f5hw.asm.obj</name>
      </input_file>
      <input_file id="fl-4f">
         <path>C:\ti\ccs2020\ccs\tools\compiler\ti-cgt-msp430_21.6.1.LTS\lib\</path>
         <kind>archive</kind>
         <file>rts430x_lc_sd_eabi.lib</file>
         <name>mult64.asm.obj</name>
      </input_file>
      <input_file id="fl-50">
         <path>C:\ti\ccs2020\ccs\tools\compiler\ti-cgt-msp430_21.6.1.LTS\lib\</path>
         <kind>archive</kind>
         <file>rts430x_lc_sd_eabi.lib</file>
         <name>mult64_f5hw.asm.obj</name>
      </input_file>
      <input_file id="fl-51">
         <path>C:\ti\ccs2020\ccs\tools\compiler\ti-cgt-msp430_21.6.1.LTS\lib\</path>
         <kind>archive</kind>
         <file>rts430x_lc_sd_eabi.lib</file>
         <name>mult1632_f5hw.asm.obj</name>
      </input_file>
      <input_file id="fl-52">
         <path>C:\ti\ccs2020\ccs\tools\compiler\ti-cgt-msp430_21.6.1.LTS\lib\</path>
         <kind>archive</kind>
         <file>rts430x_lc_sd_eabi.lib</file>
         <name>mult3264_f5hw.asm.obj</name>
      </input_file>
      <input_file id="fl-53">
         <path>C:\ti\ccs2020\ccs\tools\compiler\ti-cgt-msp430_21.6.1.LTS\lib\</path>
         <kind>archive</kind>
         <file>rts430x_lc_sd_eabi.lib</file>
         <name>mult1632.asm.obj</name>
      </input_file>
      <input_file id="fl-54">
         <path>C:\ti\ccs2020\ccs\tools\compiler\ti-cgt-msp430_21.6.1.LTS\lib\</path>
         <kind>archive</kind>
         <file>rts430x_lc_sd_eabi.lib</file>
         <name>mult3264.asm.obj</name>
      </input_file>
      <input_file id="fl-55">
         <path>C:\ti\ccs2020\ccs\tools\compiler\ti-cgt-msp430_21.6.1.LTS\lib\</path>
         <kind>archive</kind>
         <file>rts430x_lc_sd_eabi.lib</file>
         <name>lsl32.asm.obj</name>
      </input_file>
      <input_file id="fl-56">
         <path>C:\ti\ccs2020\ccs\tools\compiler\ti-cgt-msp430_21.6.1.LTS\lib\</path>
         <kind>archive</kind>
         <file>rts430x_lc_sd_eabi.lib</file>
         <name>lsl64.c.obj</name>
      </input_file>
      <input_file id="fl-57">
         <path>C:\ti\ccs2020\ccs\tools\compiler\ti-cgt-msp430_21.6.1.LTS\lib\</path>
         <kind>archive</kind>
         <file>rts430x_lc_sd_eabi.lib</file>
         <name>asr32.asm.obj</name>
      </input_file>
      <input_file id="fl-58">
         <path>C:\ti\ccs2020\ccs\tools\compiler\ti-cgt-msp430_21.6.1.LTS\lib\</path>
         <kind>archive</kind>
         <file>rts430x_lc_sd_eabi.lib</file>
         <name>asr64.c.obj</name>
      </input_file>
      <input_file id="fl-59">
         <path>C:\ti\ccs2020\ccs\tools\compiler\ti-cgt-msp430_21.6.1.LTS\lib\</path>
         <kind>archive</kind>
         <file>rts430x_lc_sd_eabi.lib</file>
         <name>lsr32.asm.obj</name>
      </input_file>
      <input_file id="fl-5a">
         <path>C:\ti\ccs2020\ccs\tools\compiler\ti-cgt-msp430_21.6.1.LTS\lib\</path>
         <kind>archive</kind>
         <file>rts430x_lc_sd_eabi.lib</file>
         <name>lsr64.c.obj</name>
      </input_file>
      <input_file id="fl-5b">
         <path>C:\ti\ccs2020\ccs\tools\compiler\ti-cgt-msp430_21.6.1.LTS\lib\</path>
         <kind>archive</kind>
         <file>rts430x_lc_sd_eabi.lib</file>
         <name>fs_add.asm.obj</name>
      </input_file>
      <input_file id="fl-5c">
         <path>C:\ti\ccs2020\ccs\tools\compiler\ti-cgt-msp430_21.6.1.LTS\lib\</path>
         <kind>archive</kind>
         <file>rts430x_lc_sd_eabi.lib</file>
         <name>boot.c.obj</name>
      </input_file>
      <input_file id="fl-5d">
         <path>C:\ti\ccs2020\ccs\tools\compiler\ti-cgt-msp430_21.6.1.LTS\lib\</path>
         <kind>archive</kind>
         <file>rts430x_lc_sd_eabi.lib</file>
         <name>mpu_init.c.obj</name>
      </input_file>
      <input_file id="fl-5e">
         <path>C:\ti\ccs2020\ccs\tools\compiler\ti-cgt-msp430_21.6.1.LTS\lib\</path>
         <kind>archive</kind>
         <file>rts430x_lc_sd_eabi.lib</file>
         <name>args_main.c.obj</name>
      </input_file>
      <input_file id="fl-5f">
         <path>C:\ti\ccs2020\ccs\tools\compiler\ti-cgt-msp430_21.6.1.LTS\lib\</path>
         <kind>archive</kind>
         <file>rts430x_lc_sd_eabi.lib</file>
         <name>autoinit.c.obj</name>
      </input_file>
      <input_file id="fl-60">
         <path>C:\ti\ccs2020\ccs\tools\compiler\ti-cgt-msp430_21.6.1.LTS\lib\</path>
         <kind>archive</kind>
         <file>rts430x_lc_sd_eabi.lib</file>
         <name>startup.c.obj</name>
      </input_file>
      <input_file id="fl-61">
         <path>C:\ti\ccs2020\ccs\tools\compiler\ti-cgt-msp430_21.6.1.LTS\lib\</path>
         <kind>archive</kind>
         <file>rts430x_lc_sd_eabi.lib</file>
         <name>pre_init.c.obj</name>
      </input_file>
      <input_file id="fl-62">
         <path>C:\ti\ccs2020\ccs\tools\compiler\ti-cgt-msp430_21.6.1.LTS\lib\</path>
         <kind>archive</kind>
         <file>rts430x_lc_sd_eabi.lib</file>
         <name>cpy_tbl.c.obj</name>
      </input_file>
      <input_file id="fl-63">
         <path>C:\ti\ccs2020\ccs\tools\compiler\ti-cgt-msp430_21.6.1.LTS\lib\</path>
         <kind>archive</kind>
         <file>rts430x_lc_sd_eabi.lib</file>
         <name>exit.c.obj</name>
      </input_file>
      <input_file id="fl-64">
         <path>C:\ti\ccs2020\ccs\tools\compiler\ti-cgt-msp430_21.6.1.LTS\lib\</path>
         <kind>archive</kind>
         <file>rts430x_lc_sd_eabi.lib</file>
         <name>exit_gvars.c.obj</name>
      </input_file>
      <input_file id="fl-65">
         <path>C:\ti\ccs2020\ccs\tools\compiler\ti-cgt-msp430_21.6.1.LTS\lib\</path>
         <kind>archive</kind>
         <file>rts430x_lc_sd_eabi.lib</file>
         <name>_lock.c.obj</name>
      </input_file>
      <input_file id="fl-66">
         <path>C:\ti\ccs2020\ccs\tools\compiler\ti-cgt-msp430_21.6.1.LTS\lib\</path>
         <kind>archive</kind>
         <file>rts430x_lc_sd_eabi.lib</file>
         <name>memcpy.c.obj</name>
      </input_file>
      <input_file id="fl-67">
         <path>C:\ti\ccs2020\ccs\tools\compiler\ti-cgt-msp430_21.6.1.LTS\lib\</path>
         <kind>archive</kind>
         <file>rts430x_lc_sd_eabi.lib</file>
         <name>sprintf.c.obj</name>
      </input_file>
      <input_file id="fl-68">
         <path>C:\ti\ccs2020\ccs\tools\compiler\ti-cgt-msp430_21.6.1.LTS\lib\</path>
         <kind>archive</kind>
         <file>rts430x_lc_sd_eabi.lib</file>
         <name>_printfi.c.obj</name>
      </input_file>
      <input_file id="fl-69">
         <path>C:\ti\ccs2020\ccs\tools\compiler\ti-cgt-msp430_21.6.1.LTS\lib\</path>
         <kind>archive</kind>
         <file>rts430x_lc_sd_eabi.lib</file>
         <name>_ltoa.c.obj</name>
      </input_file>
      <input_file id="fl-6a">
         <path>C:\ti\ccs2020\ccs\tools\compiler\ti-cgt-msp430_21.6.1.LTS\lib\</path>
         <kind>archive</kind>
         <file>rts430x_lc_sd_eabi.lib</file>
         <name>cmpd.c.obj</name>
      </input_file>
      <input_file id="fl-6b">
         <path>C:\ti\ccs2020\ccs\tools\compiler\ti-cgt-msp430_21.6.1.LTS\lib\</path>
         <kind>archive</kind>
         <file>rts430x_lc_sd_eabi.lib</file>
         <name>div32s.asm.obj</name>
      </input_file>
      <input_file id="fl-6c">
         <path>C:\ti\ccs2020\ccs\tools\compiler\ti-cgt-msp430_21.6.1.LTS\lib\</path>
         <kind>archive</kind>
         <file>rts430x_lc_sd_eabi.lib</file>
         <name>div16u.asm.obj</name>
      </input_file>
      <input_file id="fl-6d">
         <path>C:\ti\ccs2020\ccs\tools\compiler\ti-cgt-msp430_21.6.1.LTS\lib\</path>
         <kind>archive</kind>
         <file>rts430x_lc_sd_eabi.lib</file>
         <name>div32u.asm.obj</name>
      </input_file>
      <input_file id="fl-6e">
         <path>C:\ti\ccs2020\ccs\tools\compiler\ti-cgt-msp430_21.6.1.LTS\lib\</path>
         <kind>archive</kind>
         <file>rts430x_lc_sd_eabi.lib</file>
         <name>div64u.c.obj</name>
      </input_file>
      <input_file id="fl-6f">
         <path>C:\ti\ccs2020\ccs\tools\compiler\ti-cgt-msp430_21.6.1.LTS\lib\</path>
         <kind>archive</kind>
         <file>rts430x_lc_sd_eabi.lib</file>
         <name>fixdi.c.obj</name>
      </input_file>
      <input_file id="fl-70">
         <path>C:\ti\ccs2020\ccs\tools\compiler\ti-cgt-msp430_21.6.1.LTS\lib\</path>
         <kind>archive</kind>
         <file>rts430x_lc_sd_eabi.lib</file>
         <name>fixdli.c.obj</name>
      </input_file>
      <input_file id="fl-71">
         <path>C:\ti\ccs2020\ccs\tools\compiler\ti-cgt-msp430_21.6.1.LTS\lib\</path>
         <kind>archive</kind>
         <file>rts430x_lc_sd_eabi.lib</file>
         <name>fltid.c.obj</name>
      </input_file>
      <input_file id="fl-72">
         <path>C:\ti\ccs2020\ccs\tools\compiler\ti-cgt-msp430_21.6.1.LTS\lib\</path>
         <kind>archive</kind>
         <file>rts430x_lc_sd_eabi.lib</file>
         <name>fltlid.c.obj</name>
      </input_file>
      <input_file id="fl-73">
         <path>C:\ti\ccs2020\ccs\tools\compiler\ti-cgt-msp430_21.6.1.LTS\lib\</path>
         <kind>archive</kind>
         <file>rts430x_lc_sd_eabi.lib</file>
         <name>negd.c.obj</name>
      </input_file>
      <input_file id="fl-74">
         <path>C:\ti\ccs2020\ccs\tools\compiler\ti-cgt-msp430_21.6.1.LTS\lib\</path>
         <kind>archive</kind>
         <file>rts430x_lc_sd_eabi.lib</file>
         <name>subd.c.obj</name>
      </input_file>
      <input_file id="fl-75">
         <path>C:\ti\ccs2020\ccs\tools\compiler\ti-cgt-msp430_21.6.1.LTS\lib\</path>
         <kind>archive</kind>
         <file>rts430x_lc_sd_eabi.lib</file>
         <name>abs.c.obj</name>
      </input_file>
      <input_file id="fl-76">
         <path>C:\ti\ccs2020\ccs\tools\compiler\ti-cgt-msp430_21.6.1.LTS\lib\</path>
         <kind>archive</kind>
         <file>rts430x_lc_sd_eabi.lib</file>
         <name>atoi.c.obj</name>
      </input_file>
      <input_file id="fl-77">
         <path>C:\ti\ccs2020\ccs\tools\compiler\ti-cgt-msp430_21.6.1.LTS\lib\</path>
         <kind>archive</kind>
         <file>rts430x_lc_sd_eabi.lib</file>
         <name>ctype.c.obj</name>
      </input_file>
      <input_file id="fl-78">
         <path>C:\ti\ccs2020\ccs\tools\compiler\ti-cgt-msp430_21.6.1.LTS\lib\</path>
         <kind>archive</kind>
         <file>rts430x_lc_sd_eabi.lib</file>
         <name>errno.c.obj</name>
      </input_file>
      <input_file id="fl-79">
         <path>C:\ti\ccs2020\ccs\tools\compiler\ti-cgt-msp430_21.6.1.LTS\lib\</path>
         <kind>archive</kind>
         <file>rts430x_lc_sd_eabi.lib</file>
         <name>s_frexp.c.obj</name>
      </input_file>
      <input_file id="fl-7a">
         <path>C:\ti\ccs2020\ccs\tools\compiler\ti-cgt-msp430_21.6.1.LTS\lib\</path>
         <kind>archive</kind>
         <file>rts430x_lc_sd_eabi.lib</file>
         <name>s_scalbn.c.obj</name>
      </input_file>
      <input_file id="fl-7b">
         <path>C:\ti\ccs2020\ccs\tools\compiler\ti-cgt-msp430_21.6.1.LTS\lib\</path>
         <kind>archive</kind>
         <file>rts430x_lc_sd_eabi.lib</file>
         <name>s_copysign.c.obj</name>
      </input_file>
      <input_file id="fl-7c">
         <path>C:\ti\ccs2020\ccs\tools\compiler\ti-cgt-msp430_21.6.1.LTS\lib\</path>
         <kind>archive</kind>
         <file>rts430x_lc_sd_eabi.lib</file>
         <name>memccpy.c.obj</name>
      </input_file>
      <input_file id="fl-7d">
         <path>C:\ti\ccs2020\ccs\tools\compiler\ti-cgt-msp430_21.6.1.LTS\lib\</path>
         <kind>archive</kind>
         <file>rts430x_lc_sd_eabi.lib</file>
         <name>memset.c.obj</name>
      </input_file>
      <input_file id="fl-7e">
         <path>C:\ti\ccs2020\ccs\tools\compiler\ti-cgt-msp430_21.6.1.LTS\lib\</path>
         <kind>archive</kind>
         <file>rts430x_lc_sd_eabi.lib</file>
         <name>strchr.c.obj</name>
      </input_file>
      <input_file id="fl-7f">
         <path>C:\ti\ccs2020\ccs\tools\compiler\ti-cgt-msp430_21.6.1.LTS\lib\</path>
         <kind>archive</kind>
         <file>rts430x_lc_sd_eabi.lib</file>
         <name>strlen.c.obj</name>
      </input_file>
      <input_file id="fl-80">
         <path>C:\ti\ccs2020\ccs\tools\compiler\ti-cgt-msp430_21.6.1.LTS\lib\</path>
         <kind>archive</kind>
         <file>rts430x_lc_sd_eabi.lib</file>
         <name>toupper.c.obj</name>
      </input_file>
      <input_file id="fl-81">
         <path>C:\ti\ccs2020\ccs\tools\compiler\ti-cgt-msp430_21.6.1.LTS\lib\</path>
         <kind>archive</kind>
         <file>rts430x_lc_sd_eabi.lib</file>
         <name>wcslen.c.obj</name>
      </input_file>
   </input_file_list>
   <object_component_list>
      <object_component id="oc-815">
         <name>__TI_handler_table</name>
         <load_address>0x4400</load_address>
         <run_address>0x4400</run_address>
         <size>0x8</size>
      </object_component>
      <object_component id="oc-817">
         <name>.cinit..data.load</name>
         <load_address>0x4408</load_address>
         <run_address>0x4408</run_address>
         <size>0x6</size>
      </object_component>
      <object_component id="oc-816">
         <name>__TI_cinit_table</name>
         <load_address>0x440e</load_address>
         <run_address>0x440e</run_address>
         <size>0x8</size>
      </object_component>
      <object_component id="oc-67f">
         <name>.const:.string:_ctypes_</name>
         <load_address>0x4416</load_address>
         <run_address>0x4416</run_address>
         <size>0x101</size>
         <input_file_ref idref="fl-77"/>
      </object_component>
      <object_component id="oc-46b">
         <name>.const:.string</name>
         <load_address>0x4518</load_address>
         <run_address>0x4518</run_address>
         <size>0x32</size>
         <input_file_ref idref="fl-2"/>
      </object_component>
      <object_component id="oc-62b">
         <name>.const:.string</name>
         <load_address>0x454a</load_address>
         <run_address>0x454a</run_address>
         <size>0x26</size>
         <input_file_ref idref="fl-68"/>
      </object_component>
      <object_component id="oc-45f">
         <name>.text:__mspabi_addd</name>
         <load_address>0x4800</load_address>
         <run_address>0x4800</run_address>
         <size>0x72a</size>
         <input_file_ref idref="fl-41"/>
      </object_component>
      <object_component id="oc-4da">
         <name>.text:__TI_frcdivd</name>
         <load_address>0x4f2a</load_address>
         <run_address>0x4f2a</run_address>
         <size>0x468</size>
         <input_file_ref idref="fl-45"/>
      </object_component>
      <object_component id="oc-6e2">
         <name>.text:__mspabi_divull</name>
         <load_address>0x5392</load_address>
         <run_address>0x5392</run_address>
         <size>0x34e</size>
         <input_file_ref idref="fl-6e"/>
      </object_component>
      <object_component id="oc-44d">
         <name>.text:__mspabi_mpyd</name>
         <load_address>0x56e0</load_address>
         <run_address>0x56e0</run_address>
         <size>0x292</size>
         <input_file_ref idref="fl-49"/>
      </object_component>
      <object_component id="oc-585">
         <name>.text:__TI_printfi:__TI_printfi</name>
         <load_address>0x5972</load_address>
         <run_address>0x5972</run_address>
         <size>0x27e</size>
         <input_file_ref idref="fl-68"/>
      </object_component>
      <object_component id="oc-665">
         <name>.text:_pproc_fgea</name>
         <load_address>0x5bf0</load_address>
         <run_address>0x5bf0</run_address>
         <size>0x262</size>
         <input_file_ref idref="fl-68"/>
      </object_component>
      <object_component id="oc-602">
         <name>.text:__TI_printfi:_setfield___TI_printfi</name>
         <load_address>0x5e52</load_address>
         <run_address>0x5e52</run_address>
         <size>0x246</size>
         <input_file_ref idref="fl-68"/>
      </object_component>
      <object_component id="oc-721">
         <name>.text:acvt</name>
         <load_address>0x6098</load_address>
         <run_address>0x6098</run_address>
         <size>0x238</size>
         <input_file_ref idref="fl-68"/>
      </object_component>
      <object_component id="oc-459">
         <name>.text:__mspabi_divd</name>
         <load_address>0x62d0</load_address>
         <run_address>0x62d0</run_address>
         <size>0x21a</size>
         <input_file_ref idref="fl-44"/>
      </object_component>
      <object_component id="oc-69a">
         <name>.text:__TI_printfi:_getarg_diouxp___TI_printfi</name>
         <load_address>0x64ea</load_address>
         <run_address>0x64ea</run_address>
         <size>0x1e8</size>
         <input_file_ref idref="fl-68"/>
      </object_component>
      <object_component id="oc-6fa">
         <name>.text:ecvt</name>
         <load_address>0x66d2</load_address>
         <run_address>0x66d2</run_address>
         <size>0x1d2</size>
         <input_file_ref idref="fl-68"/>
      </object_component>
      <object_component id="oc-41b">
         <name>.text:main</name>
         <load_address>0x68a4</load_address>
         <run_address>0x68a4</run_address>
         <size>0x1cc</size>
         <input_file_ref idref="fl-2"/>
      </object_component>
      <object_component id="oc-70d">
         <name>.text:fcvt</name>
         <load_address>0x6a70</load_address>
         <run_address>0x6a70</run_address>
         <size>0x1b8</size>
         <input_file_ref idref="fl-68"/>
      </object_component>
      <object_component id="oc-6bf">
         <name>.text:_pconv_e</name>
         <load_address>0x6c28</load_address>
         <run_address>0x6c28</run_address>
         <size>0x19a</size>
         <input_file_ref idref="fl-68"/>
      </object_component>
      <object_component id="oc-6c5">
         <name>.text:_pconv_a</name>
         <load_address>0x6dc2</load_address>
         <run_address>0x6dc2</run_address>
         <size>0x168</size>
         <input_file_ref idref="fl-68"/>
      </object_component>
      <object_component id="oc-4c6">
         <name>.text:__TI_frcmpyd</name>
         <load_address>0x6f2a</load_address>
         <run_address>0x6f2a</run_address>
         <size>0x164</size>
         <input_file_ref idref="fl-4a"/>
      </object_component>
      <object_component id="oc-76a">
         <name>.text:scalbn</name>
         <load_address>0x708e</load_address>
         <run_address>0x708e</run_address>
         <size>0x158</size>
         <input_file_ref idref="fl-7a"/>
      </object_component>
      <object_component id="oc-65f">
         <name>.text:__TI_printfi:_pproc_diouxp___TI_printfi</name>
         <load_address>0x71e6</load_address>
         <run_address>0x71e6</run_address>
         <size>0x140</size>
         <input_file_ref idref="fl-68"/>
      </object_component>
      <object_component id="oc-442">
         <name>.text</name>
         <load_address>0x7326</load_address>
         <run_address>0x7326</run_address>
         <size>0x132</size>
         <input_file_ref idref="fl-5b"/>
      </object_component>
      <object_component id="oc-6a0">
         <name>.text:__TI_printfi:_ltostr___TI_printfi</name>
         <load_address>0x7458</load_address>
         <run_address>0x7458</run_address>
         <size>0x122</size>
         <input_file_ref idref="fl-68"/>
      </object_component>
      <object_component id="oc-6b3">
         <name>.text:_pconv_g</name>
         <load_address>0x757a</load_address>
         <run_address>0x757a</run_address>
         <size>0xf4</size>
         <input_file_ref idref="fl-68"/>
      </object_component>
      <object_component id="oc-70">
         <name>.text:decompress:lzss:__TI_decompress_lzss</name>
         <load_address>0x766e</load_address>
         <run_address>0x766e</run_address>
         <size>0xee</size>
         <input_file_ref idref="fl-23"/>
      </object_component>
      <object_component id="oc-5fc">
         <name>.text:__TI_printfi:_pproc_fwp___TI_printfi</name>
         <load_address>0x775c</load_address>
         <run_address>0x775c</run_address>
         <size>0xdc</size>
         <input_file_ref idref="fl-68"/>
      </object_component>
      <object_component id="oc-6cb">
         <name>.text:__mspabi_cmpd</name>
         <load_address>0x7838</load_address>
         <run_address>0x7838</run_address>
         <size>0xd8</size>
         <input_file_ref idref="fl-6a"/>
      </object_component>
      <object_component id="oc-60e">
         <name>.text:__TI_printfi:_pproc_wstr___TI_printfi</name>
         <load_address>0x7910</load_address>
         <run_address>0x7910</run_address>
         <size>0xb8</size>
         <input_file_ref idref="fl-68"/>
      </object_component>
      <object_component id="oc-465">
         <name>.text:__mspabi_cvtdf</name>
         <load_address>0x79c8</load_address>
         <run_address>0x79c8</run_address>
         <size>0xb2</size>
         <input_file_ref idref="fl-42"/>
      </object_component>
      <object_component id="oc-71b">
         <name>.text:frexp</name>
         <load_address>0x7a7a</load_address>
         <run_address>0x7a7a</run_address>
         <size>0xa6</size>
         <input_file_ref idref="fl-79"/>
      </object_component>
      <object_component id="oc-608">
         <name>.text:__TI_printfi:_pproc_str___TI_printfi</name>
         <load_address>0x7b20</load_address>
         <run_address>0x7b20</run_address>
         <size>0x9e</size>
         <input_file_ref idref="fl-68"/>
      </object_component>
      <object_component id="oc-746">
         <name>.text:__mspabi_fltlid</name>
         <load_address>0x7bbe</load_address>
         <run_address>0x7bbe</run_address>
         <size>0x9e</size>
         <input_file_ref idref="fl-72"/>
      </object_component>
      <object_component id="oc-700">
         <name>.text:_ecpy</name>
         <load_address>0x7c5c</load_address>
         <run_address>0x7c5c</run_address>
         <size>0x8a</size>
         <input_file_ref idref="fl-68"/>
      </object_component>
      <object_component id="oc-706">
         <name>.text:_mcpy</name>
         <load_address>0x7ce6</load_address>
         <run_address>0x7ce6</run_address>
         <size>0x8a</size>
         <input_file_ref idref="fl-68"/>
      </object_component>
      <object_component id="oc-4d3">
         <name>.text:__mspabi_fltuld</name>
         <load_address>0x7d70</load_address>
         <run_address>0x7d70</run_address>
         <size>0x80</size>
         <input_file_ref idref="fl-48"/>
      </object_component>
      <object_component id="oc-740">
         <name>.text:__TI_ltoa</name>
         <load_address>0x7df0</load_address>
         <run_address>0x7df0</run_address>
         <size>0x7c</size>
         <input_file_ref idref="fl-69"/>
      </object_component>
      <object_component id="oc-6b9">
         <name>.text:_pconv_f</name>
         <load_address>0x7e6c</load_address>
         <run_address>0x7e6c</run_address>
         <size>0x74</size>
         <input_file_ref idref="fl-68"/>
      </object_component>
      <object_component id="oc-49e">
         <name>.text:__TI_auto_init_nobinit_nopinit_hold_wdt:__TI_auto_init_nobinit_nopinit_hold_wdt</name>
         <load_address>0x7ee0</load_address>
         <run_address>0x7ee0</run_address>
         <size>0x6a</size>
         <input_file_ref idref="fl-5f"/>
      </object_component>
      <object_component id="oc-73a">
         <name>.text:__mspabi_fixdli</name>
         <load_address>0x7f4a</load_address>
         <run_address>0x7f4a</run_address>
         <size>0x66</size>
         <input_file_ref idref="fl-70"/>
      </object_component>
      <object_component id="oc-447">
         <name>.text:__mspabi_cvtfd</name>
         <load_address>0x7fb0</load_address>
         <run_address>0x7fb0</run_address>
         <size>0x64</size>
         <input_file_ref idref="fl-43"/>
      </object_component>
      <object_component id="oc-542">
         <name>.text:__mpyll</name>
         <load_address>0x8014</load_address>
         <run_address>0x8014</run_address>
         <size>0x5c</size>
         <input_file_ref idref="fl-50"/>
      </object_component>
      <object_component id="oc-6e8">
         <name>.text</name>
         <load_address>0x8070</load_address>
         <run_address>0x8070</run_address>
         <size>0x58</size>
         <input_file_ref idref="fl-6d"/>
      </object_component>
      <object_component id="oc-645">
         <name>.text:atoi</name>
         <load_address>0x80c8</load_address>
         <run_address>0x80c8</run_address>
         <size>0x52</size>
         <input_file_ref idref="fl-76"/>
      </object_component>
      <object_component id="oc-713">
         <name>.text:_fcpy</name>
         <load_address>0x811a</load_address>
         <run_address>0x811a</run_address>
         <size>0x48</size>
         <input_file_ref idref="fl-68"/>
      </object_component>
      <object_component id="oc-3b6">
         <name>.text:__memcpy_far</name>
         <load_address>0x8162</load_address>
         <run_address>0x8162</run_address>
         <size>0x40</size>
         <input_file_ref idref="fl-40"/>
      </object_component>
      <object_component id="oc-4e2">
         <name>.text:__mspabi_srall</name>
         <load_address>0x81a2</load_address>
         <run_address>0x81a2</run_address>
         <size>0x40</size>
         <input_file_ref idref="fl-58"/>
      </object_component>
      <object_component id="oc-781">
         <name>.text</name>
         <load_address>0x81e2</load_address>
         <run_address>0x81e2</run_address>
         <size>0x40</size>
         <input_file_ref idref="fl-6b"/>
      </object_component>
      <object_component id="oc-4bb">
         <name>.text:l_asr_const</name>
         <load_address>0x8222</load_address>
         <run_address>0x8222</run_address>
         <size>0x3e</size>
         <input_file_ref idref="fl-57"/>
      </object_component>
      <object_component id="oc-4f0">
         <name>.text:l_lsl_const</name>
         <load_address>0x8260</load_address>
         <run_address>0x8260</run_address>
         <size>0x3e</size>
         <input_file_ref idref="fl-55"/>
      </object_component>
      <object_component id="oc-555">
         <name>.text:l_lsr_const</name>
         <load_address>0x829e</load_address>
         <run_address>0x829e</run_address>
         <size>0x3e</size>
         <input_file_ref idref="fl-59"/>
      </object_component>
      <object_component id="oc-76">
         <name>.text:decompress:none:__TI_decompress_none</name>
         <load_address>0x82dc</load_address>
         <run_address>0x82dc</run_address>
         <size>0x3c</size>
         <input_file_ref idref="fl-24"/>
      </object_component>
      <object_component id="oc-4e8">
         <name>.text:__mspabi_sllll</name>
         <load_address>0x8318</load_address>
         <run_address>0x8318</run_address>
         <size>0x3a</size>
         <input_file_ref idref="fl-56"/>
      </object_component>
      <object_component id="oc-54c">
         <name>.text:__mspabi_srlll</name>
         <load_address>0x8352</load_address>
         <run_address>0x8352</run_address>
         <size>0x3a</size>
         <input_file_ref idref="fl-5a"/>
      </object_component>
      <object_component id="oc-46c">
         <name>.text:sprintf</name>
         <load_address>0x838c</load_address>
         <run_address>0x838c</run_address>
         <size>0x38</size>
         <input_file_ref idref="fl-67"/>
      </object_component>
      <object_component id="oc-74c">
         <name>.text:__mspabi_subd</name>
         <load_address>0x83c4</load_address>
         <run_address>0x83c4</run_address>
         <size>0x2e</size>
         <input_file_ref idref="fl-74"/>
      </object_component>
      <object_component id="oc-794">
         <name>.text:copysign</name>
         <load_address>0x83f2</load_address>
         <run_address>0x83f2</run_address>
         <size>0x2e</size>
         <input_file_ref idref="fl-7b"/>
      </object_component>
      <object_component id="oc-547">
         <name>.text:__mpyull</name>
         <load_address>0x8420</load_address>
         <run_address>0x8420</run_address>
         <size>0x2c</size>
         <input_file_ref idref="fl-52"/>
      </object_component>
      <object_component id="oc-6ad">
         <name>.text:__mspabi_negd</name>
         <load_address>0x844c</load_address>
         <run_address>0x844c</run_address>
         <size>0x2a</size>
         <input_file_ref idref="fl-73"/>
      </object_component>
      <object_component id="oc-752">
         <name>.text:__mspabi_fixdi</name>
         <load_address>0x8476</load_address>
         <run_address>0x8476</run_address>
         <size>0x28</size>
         <input_file_ref idref="fl-6f"/>
      </object_component>
      <object_component id="oc-43d">
         <name>.text</name>
         <load_address>0x849e</load_address>
         <run_address>0x849e</run_address>
         <size>0x24</size>
         <input_file_ref idref="fl-47"/>
      </object_component>
      <object_component id="oc-55c">
         <name>.text</name>
         <load_address>0x84c2</load_address>
         <run_address>0x84c2</run_address>
         <size>0x24</size>
         <input_file_ref idref="fl-4e"/>
      </object_component>
      <object_component id="oc-632">
         <name>.text:memccpy</name>
         <load_address>0x84e6</load_address>
         <run_address>0x84e6</run_address>
         <size>0x22</size>
         <input_file_ref idref="fl-7c"/>
      </object_component>
      <object_component id="oc-3d9">
         <name>.text:_isr:_c_int00_noargs</name>
         <load_address>0x8508</load_address>
         <run_address>0x8508</run_address>
         <size>0x1c</size>
         <input_file_ref idref="fl-5c"/>
      </object_component>
      <object_component id="oc-472">
         <name>.text:UART_print</name>
         <load_address>0x8524</load_address>
         <run_address>0x8524</run_address>
         <size>0x1a</size>
         <input_file_ref idref="fl-2"/>
      </object_component>
      <object_component id="oc-770">
         <name>.text:strchr</name>
         <load_address>0x853e</load_address>
         <run_address>0x853e</run_address>
         <size>0x1a</size>
         <input_file_ref idref="fl-7e"/>
      </object_component>
      <object_component id="oc-4f7">
         <name>.text:_outs</name>
         <load_address>0x8558</load_address>
         <run_address>0x8558</run_address>
         <size>0x18</size>
         <input_file_ref idref="fl-67"/>
      </object_component>
      <object_component id="oc-561">
         <name>.text</name>
         <load_address>0x8570</load_address>
         <run_address>0x8570</run_address>
         <size>0x18</size>
         <input_file_ref idref="fl-4c"/>
      </object_component>
      <object_component id="oc-672">
         <name>.text</name>
         <load_address>0x8588</load_address>
         <run_address>0x8588</run_address>
         <size>0x16</size>
         <input_file_ref idref="fl-6c"/>
      </object_component>
      <object_component id="oc-625">
         <name>.text:memset</name>
         <load_address>0x859e</load_address>
         <run_address>0x859e</run_address>
         <size>0x14</size>
         <input_file_ref idref="fl-7d"/>
      </object_component>
      <object_component id="oc-654">
         <name>.text:wcslen</name>
         <load_address>0x85b2</load_address>
         <run_address>0x85b2</run_address>
         <size>0x14</size>
         <input_file_ref idref="fl-81"/>
      </object_component>
      <object_component id="oc-4fd">
         <name>.text:_outc</name>
         <load_address>0x85c6</load_address>
         <run_address>0x85c6</run_address>
         <size>0x12</size>
         <input_file_ref idref="fl-67"/>
      </object_component>
      <object_component id="oc-571">
         <name>.text:memcpy</name>
         <load_address>0x85d8</load_address>
         <run_address>0x85d8</run_address>
         <size>0x12</size>
         <input_file_ref idref="fl-66"/>
      </object_component>
      <object_component id="oc-730">
         <name>.text:l_lsr</name>
         <load_address>0x85ea</load_address>
         <run_address>0x85ea</run_address>
         <size>0x10</size>
         <input_file_ref idref="fl-59"/>
      </object_component>
      <object_component id="oc-5d0">
         <name>.text:strlen</name>
         <load_address>0x85fa</load_address>
         <run_address>0x85fa</run_address>
         <size>0xe</size>
         <input_file_ref idref="fl-7f"/>
      </object_component>
      <object_component id="oc-776">
         <name>.text:__mspabi_fltid</name>
         <load_address>0x8608</load_address>
         <run_address>0x8608</run_address>
         <size>0xc</size>
         <input_file_ref idref="fl-71"/>
      </object_component>
      <object_component id="oc-6a7">
         <name>.text:toupper</name>
         <load_address>0x8614</load_address>
         <run_address>0x8614</run_address>
         <size>0xc</size>
         <input_file_ref idref="fl-80"/>
      </object_component>
      <object_component id="oc-759">
         <name>.text:abs</name>
         <load_address>0x8620</load_address>
         <run_address>0x8620</run_address>
         <size>0xa</size>
         <input_file_ref idref="fl-75"/>
      </object_component>
      <object_component id="oc-3c2">
         <name>.text:_isr:__TI_ISR_TRAP</name>
         <load_address>0x862a</load_address>
         <run_address>0x862a</run_address>
         <size>0x8</size>
         <input_file_ref idref="fl-26"/>
      </object_component>
      <object_component id="oc-453">
         <name>.text:__mspabi_fltud</name>
         <load_address>0x8632</load_address>
         <run_address>0x8632</run_address>
         <size>0x6</size>
         <input_file_ref idref="fl-46"/>
      </object_component>
      <object_component id="oc-47a">
         <name>.text:abort</name>
         <load_address>0x8638</load_address>
         <run_address>0x8638</run_address>
         <size>0x6</size>
         <input_file_ref idref="fl-63"/>
      </object_component>
      <object_component id="oc-415">
         <name>.text:_system_pre_init</name>
         <load_address>0x863e</load_address>
         <run_address>0x863e</run_address>
         <size>0x4</size>
         <input_file_ref idref="fl-61"/>
      </object_component>
      <object_component id="oc-520">
         <name>.text:_system_post_cinit</name>
         <load_address>0x8642</load_address>
         <run_address>0x8642</run_address>
         <size>0x2</size>
         <input_file_ref idref="fl-60"/>
      </object_component>
      <object_component id="oc-65a">
         <name>.data</name>
         <load_address>0x1c00</load_address>
         <run_address>0x1c00</run_address>
         <size>0x2</size>
         <input_file_ref idref="fl-78"/>
      </object_component>
      <object_component id="oc-3a7">
         <name>.stack</name>
         <uninitialized>true</uninitialized>
         <run_address>0x2360</run_address>
         <size>0x2</size>
         <input_file_ref idref="fl-5c"/>
      </object_component>
      <object_component id="oc-818">
         <name>.stack</name>
         <uninitialized>true</uninitialized>
         <run_address>0x2360</run_address>
         <size>0x0</size>
      </object_component>
      <object_component id="oc-7c">
         <name>.int30</name>
         <load_address>0xffcc</load_address>
         <run_address>0xffcc</run_address>
         <size>0x2</size>
         <input_file_ref idref="fl-25"/>
      </object_component>
      <object_component id="oc-7d">
         <name>.int31</name>
         <load_address>0xffce</load_address>
         <run_address>0xffce</run_address>
         <size>0x2</size>
         <input_file_ref idref="fl-27"/>
      </object_component>
      <object_component id="oc-7e">
         <name>.int32</name>
         <load_address>0xffd0</load_address>
         <run_address>0xffd0</run_address>
         <size>0x2</size>
         <input_file_ref idref="fl-28"/>
      </object_component>
      <object_component id="oc-7f">
         <name>.int33</name>
         <load_address>0xffd2</load_address>
         <run_address>0xffd2</run_address>
         <size>0x2</size>
         <input_file_ref idref="fl-29"/>
      </object_component>
      <object_component id="oc-80">
         <name>.int34</name>
         <load_address>0xffd4</load_address>
         <run_address>0xffd4</run_address>
         <size>0x2</size>
         <input_file_ref idref="fl-2a"/>
      </object_component>
      <object_component id="oc-81">
         <name>.int35</name>
         <load_address>0xffd6</load_address>
         <run_address>0xffd6</run_address>
         <size>0x2</size>
         <input_file_ref idref="fl-2b"/>
      </object_component>
      <object_component id="oc-82">
         <name>.int36</name>
         <load_address>0xffd8</load_address>
         <run_address>0xffd8</run_address>
         <size>0x2</size>
         <input_file_ref idref="fl-2c"/>
      </object_component>
      <object_component id="oc-83">
         <name>.int37</name>
         <load_address>0xffda</load_address>
         <run_address>0xffda</run_address>
         <size>0x2</size>
         <input_file_ref idref="fl-2d"/>
      </object_component>
      <object_component id="oc-84">
         <name>.int38</name>
         <load_address>0xffdc</load_address>
         <run_address>0xffdc</run_address>
         <size>0x2</size>
         <input_file_ref idref="fl-2e"/>
      </object_component>
      <object_component id="oc-85">
         <name>.int39</name>
         <load_address>0xffde</load_address>
         <run_address>0xffde</run_address>
         <size>0x2</size>
         <input_file_ref idref="fl-2f"/>
      </object_component>
      <object_component id="oc-86">
         <name>.int40</name>
         <load_address>0xffe0</load_address>
         <run_address>0xffe0</run_address>
         <size>0x2</size>
         <input_file_ref idref="fl-30"/>
      </object_component>
      <object_component id="oc-87">
         <name>.int41</name>
         <load_address>0xffe2</load_address>
         <run_address>0xffe2</run_address>
         <size>0x2</size>
         <input_file_ref idref="fl-31"/>
      </object_component>
      <object_component id="oc-88">
         <name>.int42</name>
         <load_address>0xffe4</load_address>
         <run_address>0xffe4</run_address>
         <size>0x2</size>
         <input_file_ref idref="fl-32"/>
      </object_component>
      <object_component id="oc-89">
         <name>.int43</name>
         <load_address>0xffe6</load_address>
         <run_address>0xffe6</run_address>
         <size>0x2</size>
         <input_file_ref idref="fl-33"/>
      </object_component>
      <object_component id="oc-8a">
         <name>.int44</name>
         <load_address>0xffe8</load_address>
         <run_address>0xffe8</run_address>
         <size>0x2</size>
         <input_file_ref idref="fl-34"/>
      </object_component>
      <object_component id="oc-8b">
         <name>.int45</name>
         <load_address>0xffea</load_address>
         <run_address>0xffea</run_address>
         <size>0x2</size>
         <input_file_ref idref="fl-35"/>
      </object_component>
      <object_component id="oc-8c">
         <name>.int46</name>
         <load_address>0xffec</load_address>
         <run_address>0xffec</run_address>
         <size>0x2</size>
         <input_file_ref idref="fl-36"/>
      </object_component>
      <object_component id="oc-8d">
         <name>.int47</name>
         <load_address>0xffee</load_address>
         <run_address>0xffee</run_address>
         <size>0x2</size>
         <input_file_ref idref="fl-37"/>
      </object_component>
      <object_component id="oc-8e">
         <name>.int48</name>
         <load_address>0xfff0</load_address>
         <run_address>0xfff0</run_address>
         <size>0x2</size>
         <input_file_ref idref="fl-38"/>
      </object_component>
      <object_component id="oc-8f">
         <name>.int49</name>
         <load_address>0xfff2</load_address>
         <run_address>0xfff2</run_address>
         <size>0x2</size>
         <input_file_ref idref="fl-39"/>
      </object_component>
      <object_component id="oc-90">
         <name>.int50</name>
         <load_address>0xfff4</load_address>
         <run_address>0xfff4</run_address>
         <size>0x2</size>
         <input_file_ref idref="fl-3a"/>
      </object_component>
      <object_component id="oc-91">
         <name>.int51</name>
         <load_address>0xfff6</load_address>
         <run_address>0xfff6</run_address>
         <size>0x2</size>
         <input_file_ref idref="fl-3b"/>
      </object_component>
      <object_component id="oc-92">
         <name>.int52</name>
         <load_address>0xfff8</load_address>
         <run_address>0xfff8</run_address>
         <size>0x2</size>
         <input_file_ref idref="fl-3c"/>
      </object_component>
      <object_component id="oc-93">
         <name>.int53</name>
         <load_address>0xfffa</load_address>
         <run_address>0xfffa</run_address>
         <size>0x2</size>
         <input_file_ref idref="fl-3d"/>
      </object_component>
      <object_component id="oc-94">
         <name>.int54</name>
         <load_address>0xfffc</load_address>
         <run_address>0xfffc</run_address>
         <size>0x2</size>
         <input_file_ref idref="fl-3e"/>
      </object_component>
      <object_component id="oc-3aa">
         <name>.reset</name>
         <load_address>0xfffe</load_address>
         <run_address>0xfffe</run_address>
         <size>0x2</size>
         <input_file_ref idref="fl-5c"/>
      </object_component>
      <object_component id="oc-479">
         <name>.debug_info</name>
         <load_address>0x0</load_address>
         <run_address>0x0</run_address>
         <size>0x457</size>
         <input_file_ref idref="fl-2"/>
      </object_component>
      <object_component id="oc-473">
         <name>.debug_info</name>
         <load_address>0x457</load_address>
         <run_address>0x457</run_address>
         <size>0x1f9</size>
         <input_file_ref idref="fl-2"/>
      </object_component>
      <object_component id="oc-41c">
         <name>.debug_info</name>
         <load_address>0x650</load_address>
         <run_address>0x650</run_address>
         <size>0x3b5</size>
         <input_file_ref idref="fl-2"/>
      </object_component>
      <object_component id="oc-509">
         <name>.debug_info</name>
         <load_address>0xa05</load_address>
         <run_address>0xa05</run_address>
         <size>0x26b</size>
         <input_file_ref idref="fl-2"/>
      </object_component>
      <object_component id="oc-3b1">
         <name>.debug_info</name>
         <load_address>0xc70</load_address>
         <run_address>0xc70</run_address>
         <size>0x84</size>
         <input_file_ref idref="fl-2"/>
      </object_component>
      <object_component id="oc-592">
         <name>.debug_info</name>
         <load_address>0xcf4</load_address>
         <run_address>0xcf4</run_address>
         <size>0x282</size>
         <input_file_ref idref="fl-2"/>
      </object_component>
      <object_component id="oc-58d">
         <name>.debug_info</name>
         <load_address>0xf76</load_address>
         <run_address>0xf76</run_address>
         <size>0x2c</size>
         <input_file_ref idref="fl-2"/>
      </object_component>
      <object_component id="oc-72">
         <name>.debug_info</name>
         <load_address>0xfa2</load_address>
         <run_address>0xfa2</run_address>
         <size>0x2b8</size>
         <input_file_ref idref="fl-23"/>
      </object_component>
      <object_component id="oc-437">
         <name>.debug_info</name>
         <load_address>0x125a</load_address>
         <run_address>0x125a</run_address>
         <size>0x46</size>
         <input_file_ref idref="fl-23"/>
      </object_component>
      <object_component id="oc-405">
         <name>.debug_info</name>
         <load_address>0x12a0</load_address>
         <run_address>0x12a0</run_address>
         <size>0x39</size>
         <input_file_ref idref="fl-23"/>
      </object_component>
      <object_component id="oc-3ac">
         <name>.debug_info</name>
         <load_address>0x12d9</load_address>
         <run_address>0x12d9</run_address>
         <size>0x60</size>
         <input_file_ref idref="fl-23"/>
      </object_component>
      <object_component id="oc-3c1">
         <name>.debug_info</name>
         <load_address>0x1339</load_address>
         <run_address>0x1339</run_address>
         <size>0x1da</size>
         <input_file_ref idref="fl-24"/>
      </object_component>
      <object_component id="oc-79">
         <name>.debug_info</name>
         <load_address>0x1513</load_address>
         <run_address>0x1513</run_address>
         <size>0x1f2</size>
         <input_file_ref idref="fl-24"/>
      </object_component>
      <object_component id="oc-3bc">
         <name>.debug_info</name>
         <load_address>0x1705</load_address>
         <run_address>0x1705</run_address>
         <size>0x46</size>
         <input_file_ref idref="fl-24"/>
      </object_component>
      <object_component id="oc-3c3">
         <name>.debug_info</name>
         <load_address>0x174b</load_address>
         <run_address>0x174b</run_address>
         <size>0x10f</size>
         <input_file_ref idref="fl-26"/>
      </object_component>
      <object_component id="oc-3b7">
         <name>.debug_info</name>
         <load_address>0x185a</load_address>
         <run_address>0x185a</run_address>
         <size>0x121</size>
         <input_file_ref idref="fl-40"/>
      </object_component>
      <object_component id="oc-4ef">
         <name>.debug_info</name>
         <load_address>0x197b</load_address>
         <run_address>0x197b</run_address>
         <size>0x15f</size>
         <input_file_ref idref="fl-41"/>
      </object_component>
      <object_component id="oc-460">
         <name>.debug_info</name>
         <load_address>0x1ada</load_address>
         <run_address>0x1ada</run_address>
         <size>0x3a0</size>
         <input_file_ref idref="fl-41"/>
      </object_component>
      <object_component id="oc-4f6">
         <name>.debug_info</name>
         <load_address>0x1e7a</load_address>
         <run_address>0x1e7a</run_address>
         <size>0x160</size>
         <input_file_ref idref="fl-42"/>
      </object_component>
      <object_component id="oc-467">
         <name>.debug_info</name>
         <load_address>0x1fda</load_address>
         <run_address>0x1fda</run_address>
         <size>0x1db</size>
         <input_file_ref idref="fl-42"/>
      </object_component>
      <object_component id="oc-4c1">
         <name>.debug_info</name>
         <load_address>0x21b5</load_address>
         <run_address>0x21b5</run_address>
         <size>0xdb</size>
         <input_file_ref idref="fl-42"/>
      </object_component>
      <object_component id="oc-448">
         <name>.debug_info</name>
         <load_address>0x2290</load_address>
         <run_address>0x2290</run_address>
         <size>0x19c</size>
         <input_file_ref idref="fl-43"/>
      </object_component>
      <object_component id="oc-4e1">
         <name>.debug_info</name>
         <load_address>0x242c</load_address>
         <run_address>0x242c</run_address>
         <size>0x19d</size>
         <input_file_ref idref="fl-44"/>
      </object_component>
      <object_component id="oc-45a">
         <name>.debug_info</name>
         <load_address>0x25c9</load_address>
         <run_address>0x25c9</run_address>
         <size>0x252</size>
         <input_file_ref idref="fl-44"/>
      </object_component>
      <object_component id="oc-4ce">
         <name>.debug_info</name>
         <load_address>0x281b</load_address>
         <run_address>0x281b</run_address>
         <size>0x94</size>
         <input_file_ref idref="fl-44"/>
      </object_component>
      <object_component id="oc-567">
         <name>.debug_info</name>
         <load_address>0x28af</load_address>
         <run_address>0x28af</run_address>
         <size>0x16d</size>
         <input_file_ref idref="fl-45"/>
      </object_component>
      <object_component id="oc-4dc">
         <name>.debug_info</name>
         <load_address>0x2a1c</load_address>
         <run_address>0x2a1c</run_address>
         <size>0x5bd</size>
         <input_file_ref idref="fl-45"/>
      </object_component>
      <object_component id="oc-456">
         <name>.debug_info</name>
         <load_address>0x2fd9</load_address>
         <run_address>0x2fd9</run_address>
         <size>0x166</size>
         <input_file_ref idref="fl-46"/>
      </object_component>
      <object_component id="oc-43e">
         <name>.debug_info</name>
         <load_address>0x313f</load_address>
         <run_address>0x313f</run_address>
         <size>0x124</size>
         <input_file_ref idref="fl-47"/>
      </object_component>
      <object_component id="oc-55b">
         <name>.debug_info</name>
         <load_address>0x3263</load_address>
         <run_address>0x3263</run_address>
         <size>0x166</size>
         <input_file_ref idref="fl-48"/>
      </object_component>
      <object_component id="oc-4d4">
         <name>.debug_info</name>
         <load_address>0x33c9</load_address>
         <run_address>0x33c9</run_address>
         <size>0x1c1</size>
         <input_file_ref idref="fl-48"/>
      </object_component>
      <object_component id="oc-4cd">
         <name>.debug_info</name>
         <load_address>0x358a</load_address>
         <run_address>0x358a</run_address>
         <size>0x192</size>
         <input_file_ref idref="fl-49"/>
      </object_component>
      <object_component id="oc-44f">
         <name>.debug_info</name>
         <load_address>0x371c</load_address>
         <run_address>0x371c</run_address>
         <size>0x295</size>
         <input_file_ref idref="fl-49"/>
      </object_component>
      <object_component id="oc-4c7">
         <name>.debug_info</name>
         <load_address>0x39b1</load_address>
         <run_address>0x39b1</run_address>
         <size>0x244</size>
         <input_file_ref idref="fl-4a"/>
      </object_component>
      <object_component id="oc-562">
         <name>.debug_info</name>
         <load_address>0x3bf5</load_address>
         <run_address>0x3bf5</run_address>
         <size>0x130</size>
         <input_file_ref idref="fl-4c"/>
      </object_component>
      <object_component id="oc-55e">
         <name>.debug_info</name>
         <load_address>0x3d25</load_address>
         <run_address>0x3d25</run_address>
         <size>0x130</size>
         <input_file_ref idref="fl-4e"/>
      </object_component>
      <object_component id="oc-544">
         <name>.debug_info</name>
         <load_address>0x3e55</load_address>
         <run_address>0x3e55</run_address>
         <size>0x132</size>
         <input_file_ref idref="fl-50"/>
      </object_component>
      <object_component id="oc-549">
         <name>.debug_info</name>
         <load_address>0x3f87</load_address>
         <run_address>0x3f87</run_address>
         <size>0x136</size>
         <input_file_ref idref="fl-52"/>
      </object_component>
      <object_component id="oc-4f3">
         <name>.debug_info</name>
         <load_address>0x40bd</load_address>
         <run_address>0x40bd</run_address>
         <size>0x126</size>
         <input_file_ref idref="fl-55"/>
      </object_component>
      <object_component id="oc-4ec">
         <name>.debug_info</name>
         <load_address>0x41e3</load_address>
         <run_address>0x41e3</run_address>
         <size>0x188</size>
         <input_file_ref idref="fl-56"/>
      </object_component>
      <object_component id="oc-4be">
         <name>.debug_info</name>
         <load_address>0x436b</load_address>
         <run_address>0x436b</run_address>
         <size>0x126</size>
         <input_file_ref idref="fl-57"/>
      </object_component>
      <object_component id="oc-4e3">
         <name>.debug_info</name>
         <load_address>0x4491</load_address>
         <run_address>0x4491</run_address>
         <size>0x188</size>
         <input_file_ref idref="fl-58"/>
      </object_component>
      <object_component id="oc-731">
         <name>.debug_info</name>
         <load_address>0x4619</load_address>
         <run_address>0x4619</run_address>
         <size>0x120</size>
         <input_file_ref idref="fl-59"/>
      </object_component>
      <object_component id="oc-556">
         <name>.debug_info</name>
         <load_address>0x4739</load_address>
         <run_address>0x4739</run_address>
         <size>0x126</size>
         <input_file_ref idref="fl-59"/>
      </object_component>
      <object_component id="oc-54f">
         <name>.debug_info</name>
         <load_address>0x485f</load_address>
         <run_address>0x485f</run_address>
         <size>0x188</size>
         <input_file_ref idref="fl-5a"/>
      </object_component>
      <object_component id="oc-443">
         <name>.debug_info</name>
         <load_address>0x49e7</load_address>
         <run_address>0x49e7</run_address>
         <size>0x121</size>
         <input_file_ref idref="fl-5b"/>
      </object_component>
      <object_component id="oc-3a8">
         <name>.debug_info</name>
         <load_address>0x4b08</load_address>
         <run_address>0x4b08</run_address>
         <size>0x100</size>
         <input_file_ref idref="fl-5c"/>
      </object_component>
      <object_component id="oc-3dc">
         <name>.debug_info</name>
         <load_address>0x4c08</load_address>
         <run_address>0x4c08</run_address>
         <size>0x17a</size>
         <input_file_ref idref="fl-5c"/>
      </object_component>
      <object_component id="oc-527">
         <name>.debug_info</name>
         <load_address>0x4d82</load_address>
         <run_address>0x4d82</run_address>
         <size>0x409</size>
         <input_file_ref idref="fl-5f"/>
      </object_component>
      <object_component id="oc-4a1">
         <name>.debug_info</name>
         <load_address>0x518b</load_address>
         <run_address>0x518b</run_address>
         <size>0x216</size>
         <input_file_ref idref="fl-5f"/>
      </object_component>
      <object_component id="oc-5ae">
         <name>.debug_info</name>
         <load_address>0x53a1</load_address>
         <run_address>0x53a1</run_address>
         <size>0x39</size>
         <input_file_ref idref="fl-5f"/>
      </object_component>
      <object_component id="oc-5ba">
         <name>.debug_info</name>
         <load_address>0x53da</load_address>
         <run_address>0x53da</run_address>
         <size>0x2c</size>
         <input_file_ref idref="fl-5f"/>
      </object_component>
      <object_component id="oc-532">
         <name>.debug_info</name>
         <load_address>0x5406</load_address>
         <run_address>0x5406</run_address>
         <size>0x2c</size>
         <input_file_ref idref="fl-5f"/>
      </object_component>
      <object_component id="oc-5b3">
         <name>.debug_info</name>
         <load_address>0x5432</load_address>
         <run_address>0x5432</run_address>
         <size>0xcd</size>
         <input_file_ref idref="fl-5f"/>
      </object_component>
      <object_component id="oc-521">
         <name>.debug_info</name>
         <load_address>0x54ff</load_address>
         <run_address>0x54ff</run_address>
         <size>0x150</size>
         <input_file_ref idref="fl-60"/>
      </object_component>
      <object_component id="oc-416">
         <name>.debug_info</name>
         <load_address>0x564f</load_address>
         <run_address>0x564f</run_address>
         <size>0x153</size>
         <input_file_ref idref="fl-61"/>
      </object_component>
      <object_component id="oc-5cb">
         <name>.debug_info</name>
         <load_address>0x57a2</load_address>
         <run_address>0x57a2</run_address>
         <size>0x2c</size>
         <input_file_ref idref="fl-62"/>
      </object_component>
      <object_component id="oc-47b">
         <name>.debug_info</name>
         <load_address>0x57ce</load_address>
         <run_address>0x57ce</run_address>
         <size>0x122</size>
         <input_file_ref idref="fl-63"/>
      </object_component>
      <object_component id="oc-5ca">
         <name>.debug_info</name>
         <load_address>0x58f0</load_address>
         <run_address>0x58f0</run_address>
         <size>0x181</size>
         <input_file_ref idref="fl-66"/>
      </object_component>
      <object_component id="oc-574">
         <name>.debug_info</name>
         <load_address>0x5a71</load_address>
         <run_address>0x5a71</run_address>
         <size>0x17a</size>
         <input_file_ref idref="fl-66"/>
      </object_component>
      <object_component id="oc-505">
         <name>.debug_info</name>
         <load_address>0x5beb</load_address>
         <run_address>0x5beb</run_address>
         <size>0x20b</size>
         <input_file_ref idref="fl-67"/>
      </object_component>
      <object_component id="oc-46e">
         <name>.debug_info</name>
         <load_address>0x5df6</load_address>
         <run_address>0x5df6</run_address>
         <size>0x1c2</size>
         <input_file_ref idref="fl-67"/>
      </object_component>
      <object_component id="oc-4fa">
         <name>.debug_info</name>
         <load_address>0x5fb8</load_address>
         <run_address>0x5fb8</run_address>
         <size>0x198</size>
         <input_file_ref idref="fl-67"/>
      </object_component>
      <object_component id="oc-500">
         <name>.debug_info</name>
         <load_address>0x6150</load_address>
         <run_address>0x6150</run_address>
         <size>0x16d</size>
         <input_file_ref idref="fl-67"/>
      </object_component>
      <object_component id="oc-63b">
         <name>.debug_info</name>
         <load_address>0x62bd</load_address>
         <run_address>0x62bd</run_address>
         <size>0x2c</size>
         <input_file_ref idref="fl-67"/>
      </object_component>
      <object_component id="oc-5dd">
         <name>.debug_info</name>
         <load_address>0x62e9</load_address>
         <run_address>0x62e9</run_address>
         <size>0x434</size>
         <input_file_ref idref="fl-68"/>
      </object_component>
      <object_component id="oc-5fd">
         <name>.debug_info</name>
         <load_address>0x671d</load_address>
         <run_address>0x671d</run_address>
         <size>0x25a</size>
         <input_file_ref idref="fl-68"/>
      </object_component>
      <object_component id="oc-69b">
         <name>.debug_info</name>
         <load_address>0x6977</load_address>
         <run_address>0x6977</run_address>
         <size>0x1df</size>
         <input_file_ref idref="fl-68"/>
      </object_component>
      <object_component id="oc-6a1">
         <name>.debug_info</name>
         <load_address>0x6b56</load_address>
         <run_address>0x6b56</run_address>
         <size>0x2c9</size>
         <input_file_ref idref="fl-68"/>
      </object_component>
      <object_component id="oc-660">
         <name>.debug_info</name>
         <load_address>0x6e1f</load_address>
         <run_address>0x6e1f</run_address>
         <size>0x29c</size>
         <input_file_ref idref="fl-68"/>
      </object_component>
      <object_component id="oc-6fb">
         <name>.debug_info</name>
         <load_address>0x70bb</load_address>
         <run_address>0x70bb</run_address>
         <size>0x3e2</size>
         <input_file_ref idref="fl-68"/>
      </object_component>
      <object_component id="oc-701">
         <name>.debug_info</name>
         <load_address>0x749d</load_address>
         <run_address>0x749d</run_address>
         <size>0x1dc</size>
         <input_file_ref idref="fl-68"/>
      </object_component>
      <object_component id="oc-707">
         <name>.debug_info</name>
         <load_address>0x7679</load_address>
         <run_address>0x7679</run_address>
         <size>0x227</size>
         <input_file_ref idref="fl-68"/>
      </object_component>
      <object_component id="oc-6b4">
         <name>.debug_info</name>
         <load_address>0x78a0</load_address>
         <run_address>0x78a0</run_address>
         <size>0x28a</size>
         <input_file_ref idref="fl-68"/>
      </object_component>
      <object_component id="oc-70e">
         <name>.debug_info</name>
         <load_address>0x7b2a</load_address>
         <run_address>0x7b2a</run_address>
         <size>0x3fe</size>
         <input_file_ref idref="fl-68"/>
      </object_component>
      <object_component id="oc-714">
         <name>.debug_info</name>
         <load_address>0x7f28</load_address>
         <run_address>0x7f28</run_address>
         <size>0x218</size>
         <input_file_ref idref="fl-68"/>
      </object_component>
      <object_component id="oc-6ba">
         <name>.debug_info</name>
         <load_address>0x8140</load_address>
         <run_address>0x8140</run_address>
         <size>0x24f</size>
         <input_file_ref idref="fl-68"/>
      </object_component>
      <object_component id="oc-6c0">
         <name>.debug_info</name>
         <load_address>0x838f</load_address>
         <run_address>0x838f</run_address>
         <size>0x3a1</size>
         <input_file_ref idref="fl-68"/>
      </object_component>
      <object_component id="oc-722">
         <name>.debug_info</name>
         <load_address>0x8730</load_address>
         <run_address>0x8730</run_address>
         <size>0x470</size>
         <input_file_ref idref="fl-68"/>
      </object_component>
      <object_component id="oc-6c6">
         <name>.debug_info</name>
         <load_address>0x8ba0</load_address>
         <run_address>0x8ba0</run_address>
         <size>0x29d</size>
         <input_file_ref idref="fl-68"/>
      </object_component>
      <object_component id="oc-666">
         <name>.debug_info</name>
         <load_address>0x8e3d</load_address>
         <run_address>0x8e3d</run_address>
         <size>0x3a7</size>
         <input_file_ref idref="fl-68"/>
      </object_component>
      <object_component id="oc-603">
         <name>.debug_info</name>
         <load_address>0x91e4</load_address>
         <run_address>0x91e4</run_address>
         <size>0x33e</size>
         <input_file_ref idref="fl-68"/>
      </object_component>
      <object_component id="oc-609">
         <name>.debug_info</name>
         <load_address>0x9522</load_address>
         <run_address>0x9522</run_address>
         <size>0x293</size>
         <input_file_ref idref="fl-68"/>
      </object_component>
      <object_component id="oc-60f">
         <name>.debug_info</name>
         <load_address>0x97b5</load_address>
         <run_address>0x97b5</run_address>
         <size>0x296</size>
         <input_file_ref idref="fl-68"/>
      </object_component>
      <object_component id="oc-586">
         <name>.debug_info</name>
         <load_address>0x9a4b</load_address>
         <run_address>0x9a4b</run_address>
         <size>0x38d</size>
         <input_file_ref idref="fl-68"/>
      </object_component>
      <object_component id="oc-5de">
         <name>.debug_info</name>
         <load_address>0x9dd8</load_address>
         <run_address>0x9dd8</run_address>
         <size>0x86</size>
         <input_file_ref idref="fl-68"/>
      </object_component>
      <object_component id="oc-678">
         <name>.debug_info</name>
         <load_address>0x9e5e</load_address>
         <run_address>0x9e5e</run_address>
         <size>0xa1</size>
         <input_file_ref idref="fl-68"/>
      </object_component>
      <object_component id="oc-640">
         <name>.debug_info</name>
         <load_address>0x9eff</load_address>
         <run_address>0x9eff</run_address>
         <size>0x39</size>
         <input_file_ref idref="fl-68"/>
      </object_component>
      <object_component id="oc-729">
         <name>.debug_info</name>
         <load_address>0x9f38</load_address>
         <run_address>0x9f38</run_address>
         <size>0x7a</size>
         <input_file_ref idref="fl-68"/>
      </object_component>
      <object_component id="oc-6d5">
         <name>.debug_info</name>
         <load_address>0x9fb2</load_address>
         <run_address>0x9fb2</run_address>
         <size>0x46</size>
         <input_file_ref idref="fl-68"/>
      </object_component>
      <object_component id="oc-787">
         <name>.debug_info</name>
         <load_address>0x9ff8</load_address>
         <run_address>0x9ff8</run_address>
         <size>0x174</size>
         <input_file_ref idref="fl-69"/>
      </object_component>
      <object_component id="oc-744">
         <name>.debug_info</name>
         <load_address>0xa16c</load_address>
         <run_address>0xa16c</run_address>
         <size>0x21d</size>
         <input_file_ref idref="fl-69"/>
      </object_component>
      <object_component id="oc-6cc">
         <name>.debug_info</name>
         <load_address>0xa389</load_address>
         <run_address>0xa389</run_address>
         <size>0x1cf</size>
         <input_file_ref idref="fl-6a"/>
      </object_component>
      <object_component id="oc-784">
         <name>.debug_info</name>
         <load_address>0xa558</load_address>
         <run_address>0xa558</run_address>
         <size>0x138</size>
         <input_file_ref idref="fl-6b"/>
      </object_component>
      <object_component id="oc-675">
         <name>.debug_info</name>
         <load_address>0xa690</load_address>
         <run_address>0xa690</run_address>
         <size>0x121</size>
         <input_file_ref idref="fl-6c"/>
      </object_component>
      <object_component id="oc-6e9">
         <name>.debug_info</name>
         <load_address>0xa7b1</load_address>
         <run_address>0xa7b1</run_address>
         <size>0x123</size>
         <input_file_ref idref="fl-6d"/>
      </object_component>
      <object_component id="oc-736">
         <name>.debug_info</name>
         <load_address>0xa8d4</load_address>
         <run_address>0xa8d4</run_address>
         <size>0x15c</size>
         <input_file_ref idref="fl-6e"/>
      </object_component>
      <object_component id="oc-6e5">
         <name>.debug_info</name>
         <load_address>0xaa30</load_address>
         <run_address>0xaa30</run_address>
         <size>0x37d</size>
         <input_file_ref idref="fl-6e"/>
      </object_component>
      <object_component id="oc-753">
         <name>.debug_info</name>
         <load_address>0xadad</load_address>
         <run_address>0xadad</run_address>
         <size>0x17c</size>
         <input_file_ref idref="fl-6f"/>
      </object_component>
      <object_component id="oc-73b">
         <name>.debug_info</name>
         <load_address>0xaf29</load_address>
         <run_address>0xaf29</run_address>
         <size>0x1b0</size>
         <input_file_ref idref="fl-70"/>
      </object_component>
      <object_component id="oc-777">
         <name>.debug_info</name>
         <load_address>0xb0d9</load_address>
         <run_address>0xb0d9</run_address>
         <size>0x166</size>
         <input_file_ref idref="fl-71"/>
      </object_component>
      <object_component id="oc-789">
         <name>.debug_info</name>
         <load_address>0xb23f</load_address>
         <run_address>0xb23f</run_address>
         <size>0x166</size>
         <input_file_ref idref="fl-72"/>
      </object_component>
      <object_component id="oc-747">
         <name>.debug_info</name>
         <load_address>0xb3a5</load_address>
         <run_address>0xb3a5</run_address>
         <size>0x1f3</size>
         <input_file_ref idref="fl-72"/>
      </object_component>
      <object_component id="oc-6b0">
         <name>.debug_info</name>
         <load_address>0xb598</load_address>
         <run_address>0xb598</run_address>
         <size>0x163</size>
         <input_file_ref idref="fl-73"/>
      </object_component>
      <object_component id="oc-74d">
         <name>.debug_info</name>
         <load_address>0xb6fb</load_address>
         <run_address>0xb6fb</run_address>
         <size>0x1a3</size>
         <input_file_ref idref="fl-74"/>
      </object_component>
[...]
         <object_component_ref idref="oc-84"/>
      </symbol>
      <symbol id="sm-3fe">
         <name>__TI_int39</name>
         <value>0xffde</value>
         <object_component_ref idref="oc-85"/>
      </symbol>
      <symbol id="sm-401">
         <name>__TI_int40</name>
         <value>0xffe0</value>
         <object_component_ref idref="oc-86"/>
      </symbol>
      <symbol id="sm-404">
         <name>__TI_int41</name>
         <value>0xffe2</value>
         <object_component_ref idref="oc-87"/>
      </symbol>
      <symbol id="sm-407">
         <name>__TI_int42</name>
         <value>0xffe4</value>
         <object_component_ref idref="oc-88"/>
      </symbol>
      <symbol id="sm-40a">
         <name>__TI_int43</name>
         <value>0xffe6</value>
         <object_component_ref idref="oc-89"/>
      </symbol>
      <symbol id="sm-40d">
         <name>__TI_int44</name>
         <value>0xffe8</value>
         <object_component_ref idref="oc-8a"/>
      </symbol>
      <symbol id="sm-410">
         <name>__TI_int45</name>
         <value>0xffea</value>
         <object_component_ref idref="oc-8b"/>
      </symbol>
      <symbol id="sm-413">
         <name>__TI_int46</name>
         <value>0xffec</value>
         <object_component_ref idref="oc-8c"/>
      </symbol>
      <symbol id="sm-416">
         <name>__TI_int47</name>
         <value>0xffee</value>
         <object_component_ref idref="oc-8d"/>
      </symbol>
      <symbol id="sm-419">
         <name>__TI_int48</name>
         <value>0xfff0</value>
         <object_component_ref idref="oc-8e"/>
      </symbol>
      <symbol id="sm-41c">
         <name>__TI_int49</name>
         <value>0xfff2</value>
         <object_component_ref idref="oc-8f"/>
      </symbol>
      <symbol id="sm-41f">
         <name>__TI_int50</name>
         <value>0xfff4</value>
         <object_component_ref idref="oc-90"/>
      </symbol>
      <symbol id="sm-422">
         <name>__TI_int51</name>
         <value>0xfff6</value>
         <object_component_ref idref="oc-91"/>
      </symbol>
      <symbol id="sm-425">
         <name>__TI_int52</name>
         <value>0xfff8</value>
         <object_component_ref idref="oc-92"/>
      </symbol>
      <symbol id="sm-428">
         <name>__TI_int53</name>
         <value>0xfffa</value>
         <object_component_ref idref="oc-93"/>
      </symbol>
      <symbol id="sm-42b">
         <name>__TI_int54</name>
         <value>0xfffc</value>
         <object_component_ref idref="oc-94"/>
      </symbol>
      <symbol id="sm-437">
         <name>__memcpy_far</name>
         <value>0x8162</value>
         <object_component_ref idref="oc-3b6"/>
      </symbol>
      <symbol id="sm-471">
         <name>__mspabi_addd</name>
         <value>0x4800</value>
         <object_component_ref idref="oc-45f"/>
      </symbol>
      <symbol id="sm-48b">
         <name>__mspabi_cvtdf</name>
         <value>0x79c8</value>
         <object_component_ref idref="oc-465"/>
      </symbol>
      <symbol id="sm-499">
         <name>__mspabi_cvtfd</name>
         <value>0x7fb0</value>
         <object_component_ref idref="oc-447"/>
      </symbol>
      <symbol id="sm-4bf">
         <name>__mspabi_divd</name>
         <value>0x62d0</value>
         <object_component_ref idref="oc-459"/>
      </symbol>
      <symbol id="sm-4da">
         <name>__TI_frcdivd</name>
         <value>0x4f2a</value>
         <object_component_ref idref="oc-4da"/>
      </symbol>
      <symbol id="sm-4e3">
         <name>__mspabi_fltud</name>
         <value>0x8632</value>
         <object_component_ref idref="oc-453"/>
      </symbol>
      <symbol id="sm-4ee">
         <name>__mspabi_fltuf</name>
         <value>0x849e</value>
         <object_component_ref idref="oc-43d"/>
      </symbol>
      <symbol id="sm-503">
         <name>__mspabi_fltuld</name>
         <value>0x7d70</value>
         <object_component_ref idref="oc-4d3"/>
      </symbol>
      <symbol id="sm-528">
         <name>__mspabi_mpyd</name>
         <value>0x56e0</value>
         <object_component_ref idref="oc-44d"/>
      </symbol>
      <symbol id="sm-533">
         <name>__TI_frcmpyd</name>
         <value>0x6f2a</value>
         <object_component_ref idref="oc-4c6"/>
      </symbol>
      <symbol id="sm-53c">
         <name>__mspabi_mpyi_f5hw</name>
         <value>0x8570</value>
         <object_component_ref idref="oc-561"/>
      </symbol>
      <symbol id="sm-545">
         <name>__mspabi_mpyl_f5hw</name>
         <value>0x84c2</value>
         <object_component_ref idref="oc-55c"/>
      </symbol>
      <symbol id="sm-54e">
         <name>__mspabi_mpyll_f5hw</name>
         <value>0x8014</value>
         <object_component_ref idref="oc-542"/>
      </symbol>
      <symbol id="sm-557">
         <name>__mspabi_mpyull_f5hw</name>
         <value>0x8420</value>
         <object_component_ref idref="oc-547"/>
      </symbol>
      <symbol id="sm-561">
         <name>__mspabi_slll_9</name>
         <value>0x8278</value>
         <object_component_ref idref="oc-4f0"/>
      </symbol>
      <symbol id="sm-562">
         <name>__mspabi_slll_8</name>
         <value>0x827c</value>
         <object_component_ref idref="oc-4f0"/>
      </symbol>
      <symbol id="sm-563">
         <name>__mspabi_slll_7</name>
         <value>0x8280</value>
         <object_component_ref idref="oc-4f0"/>
      </symbol>
      <symbol id="sm-564">
         <name>__mspabi_slll_6</name>
         <value>0x8284</value>
         <object_component_ref idref="oc-4f0"/>
      </symbol>
      <symbol id="sm-565">
         <name>__mspabi_slll_5</name>
         <value>0x8288</value>
         <object_component_ref idref="oc-4f0"/>
      </symbol>
      <symbol id="sm-566">
         <name>__mspabi_slll_4</name>
         <value>0x828c</value>
         <object_component_ref idref="oc-4f0"/>
      </symbol>
      <symbol id="sm-567">
         <name>__mspabi_slll_3</name>
         <value>0x8290</value>
         <object_component_ref idref="oc-4f0"/>
      </symbol>
      <symbol id="sm-568">
         <name>__mspabi_slll_2</name>
         <value>0x8294</value>
         <object_component_ref idref="oc-4f0"/>
      </symbol>
      <symbol id="sm-569">
         <name>__mspabi_slll_1</name>
         <value>0x8298</value>
         <object_component_ref idref="oc-4f0"/>
      </symbol>
      <symbol id="sm-56a">
         <name>__mspabi_slll_15</name>
         <value>0x8260</value>
         <object_component_ref idref="oc-4f0"/>
      </symbol>
      <symbol id="sm-56b">
         <name>__mspabi_slll_14</name>
         <value>0x8264</value>
         <object_component_ref idref="oc-4f0"/>
      </symbol>
      <symbol id="sm-56c">
         <name>__mspabi_slll_13</name>
         <value>0x8268</value>
         <object_component_ref idref="oc-4f0"/>
      </symbol>
      <symbol id="sm-56d">
         <name>__mspabi_slll_12</name>
         <value>0x826c</value>
         <object_component_ref idref="oc-4f0"/>
      </symbol>
      <symbol id="sm-56e">
         <name>__mspabi_slll_11</name>
         <value>0x8270</value>
         <object_component_ref idref="oc-4f0"/>
      </symbol>
      <symbol id="sm-56f">
         <name>__mspabi_slll_10</name>
         <value>0x8274</value>
         <object_component_ref idref="oc-4f0"/>
      </symbol>
      <symbol id="sm-57c">
         <name>__mspabi_sllll</name>
         <value>0x8318</value>
         <object_component_ref idref="oc-4e8"/>
      </symbol>
      <symbol id="sm-584">
         <name>__mspabi_sral_15</name>
         <value>0x8222</value>
         <object_component_ref idref="oc-4bb"/>
      </symbol>
      <symbol id="sm-585">
         <name>__mspabi_sral_14</name>
         <value>0x8226</value>
         <object_component_ref idref="oc-4bb"/>
      </symbol>
      <symbol id="sm-586">
         <name>__mspabi_sral_13</name>
         <value>0x822a</value>
         <object_component_ref idref="oc-4bb"/>
      </symbol>
      <symbol id="sm-587">
         <name>__mspabi_sral_12</name>
         <value>0x822e</value>
         <object_component_ref idref="oc-4bb"/>
      </symbol>
      <symbol id="sm-588">
         <name>__mspabi_sral_11</name>
         <value>0x8232</value>
         <object_component_ref idref="oc-4bb"/>
      </symbol>
      <symbol id="sm-589">
         <name>__mspabi_sral_10</name>
         <value>0x8236</value>
         <object_component_ref idref="oc-4bb"/>
      </symbol>
      <symbol id="sm-58a">
         <name>__mspabi_sral_8</name>
         <value>0x823e</value>
         <object_component_ref idref="oc-4bb"/>
      </symbol>
      <symbol id="sm-58b">
         <name>__mspabi_sral_9</name>
         <value>0x823a</value>
         <object_component_ref idref="oc-4bb"/>
      </symbol>
      <symbol id="sm-58c">
         <name>__mspabi_sral_6</name>
         <value>0x8246</value>
         <object_component_ref idref="oc-4bb"/>
      </symbol>
      <symbol id="sm-58d">
         <name>__mspabi_sral_7</name>
         <value>0x8242</value>
         <object_component_ref idref="oc-4bb"/>
      </symbol>
      <symbol id="sm-58e">
         <name>__mspabi_sral_4</name>
         <value>0x824e</value>
         <object_component_ref idref="oc-4bb"/>
      </symbol>
      <symbol id="sm-58f">
         <name>__mspabi_sral_5</name>
         <value>0x824a</value>
         <object_component_ref idref="oc-4bb"/>
      </symbol>
      <symbol id="sm-590">
         <name>__mspabi_sral_2</name>
         <value>0x8256</value>
         <object_component_ref idref="oc-4bb"/>
      </symbol>
      <symbol id="sm-591">
         <name>__mspabi_sral_3</name>
         <value>0x8252</value>
         <object_component_ref idref="oc-4bb"/>
      </symbol>
      <symbol id="sm-592">
         <name>__mspabi_sral_1</name>
         <value>0x825a</value>
         <object_component_ref idref="oc-4bb"/>
      </symbol>
      <symbol id="sm-59f">
         <name>__mspabi_srall</name>
         <value>0x81a2</value>
         <object_component_ref idref="oc-4e2"/>
      </symbol>
      <symbol id="sm-5af">
         <name>__mspabi_srll_8</name>
         <value>0x82ba</value>
         <object_component_ref idref="oc-555"/>
      </symbol>
      <symbol id="sm-5b0">
         <name>__mspabi_srll_9</name>
         <value>0x82b6</value>
         <object_component_ref idref="oc-555"/>
      </symbol>
      <symbol id="sm-5b1">
         <name>__mspabi_srll_6</name>
         <value>0x82c2</value>
         <object_component_ref idref="oc-555"/>
      </symbol>
      <symbol id="sm-5b2">
         <name>__mspabi_srll_7</name>
         <value>0x82be</value>
         <object_component_ref idref="oc-555"/>
      </symbol>
      <symbol id="sm-5b3">
         <name>__mspabi_srll_4</name>
         <value>0x82ca</value>
         <object_component_ref idref="oc-555"/>
      </symbol>
      <symbol id="sm-5b4">
         <name>__mspabi_srll_5</name>
         <value>0x82c6</value>
         <object_component_ref idref="oc-555"/>
      </symbol>
      <symbol id="sm-5b5">
         <name>__mspabi_srll_2</name>
         <value>0x82d2</value>
         <object_component_ref idref="oc-555"/>
      </symbol>
      <symbol id="sm-5b6">
         <name>__mspabi_srll_3</name>
         <value>0x82ce</value>
         <object_component_ref idref="oc-555"/>
      </symbol>
      <symbol id="sm-5b7">
         <name>__mspabi_srll_1</name>
         <value>0x82d6</value>
         <object_component_ref idref="oc-555"/>
      </symbol>
      <symbol id="sm-5b8">
         <name>__mspabi_srll_15</name>
         <value>0x829e</value>
         <object_component_ref idref="oc-555"/>
      </symbol>
      <symbol id="sm-5b9">
         <name>__mspabi_srll_14</name>
         <value>0x82a2</value>
         <object_component_ref idref="oc-555"/>
      </symbol>
      <symbol id="sm-5ba">
         <name>__mspabi_srll_13</name>
         <value>0x82a6</value>
         <object_component_ref idref="oc-555"/>
      </symbol>
      <symbol id="sm-5bb">
         <name>__mspabi_srll_12</name>
         <value>0x82aa</value>
         <object_component_ref idref="oc-555"/>
      </symbol>
      <symbol id="sm-5bc">
         <name>__mspabi_srll_11</name>
         <value>0x82ae</value>
         <object_component_ref idref="oc-555"/>
      </symbol>
      <symbol id="sm-5bd">
         <name>__mspabi_srll_10</name>
         <value>0x82b2</value>
         <object_component_ref idref="oc-555"/>
      </symbol>
      <symbol id="sm-5be">
         <name>__mspabi_srll</name>
         <value>0x85ea</value>
         <object_component_ref idref="oc-730"/>
      </symbol>
      <symbol id="sm-5cb">
         <name>__mspabi_srlll</name>
         <value>0x8352</value>
         <object_component_ref idref="oc-54c"/>
      </symbol>
      <symbol id="sm-5e6">
         <name>__mspabi_subf</name>
         <value>0x7326</value>
         <object_component_ref idref="oc-442"/>
      </symbol>
      <symbol id="sm-5e7">
         <name>__mspabi_addf</name>
         <value>0x732c</value>
         <object_component_ref idref="oc-442"/>
      </symbol>
      <symbol id="sm-5f7">
         <name>_stack</name>
         <value>0x2360</value>
         <object_component_ref idref="oc-3a7"/>
      </symbol>
      <symbol id="sm-5f8">
         <name>_c_int00_noargs</name>
         <value>0x8508</value>
         <object_component_ref idref="oc-3d9"/>
      </symbol>
      <symbol id="sm-5f9">
         <name>_reset_vector</name>
         <value>0xfffe</value>
         <object_component_ref idref="oc-3aa"/>
      </symbol>
      <symbol id="sm-61d">
         <name>__TI_auto_init_nobinit_nopinit_hold_wdt</name>
         <value>0x7ee0</value>
         <object_component_ref idref="oc-49e"/>
      </symbol>
      <symbol id="sm-626">
         <name>_system_post_cinit</name>
         <value>0x8642</value>
         <object_component_ref idref="oc-520"/>
      </symbol>
      <symbol id="sm-62f">
         <name>_system_pre_init</name>
         <value>0x863e</value>
         <object_component_ref idref="oc-415"/>
      </symbol>
      <symbol id="sm-63f">
         <name>C$$EXIT</name>
         <value>0x8638</value>
         <object_component_ref idref="oc-47a"/>
      </symbol>
      <symbol id="sm-640">
         <name>abort</name>
         <value>0x8638</value>
         <object_component_ref idref="oc-47a"/>
      </symbol>
      <symbol id="sm-650">
         <name>memcpy</name>
         <value>0x85d8</value>
         <object_component_ref idref="oc-571"/>
      </symbol>
      <symbol id="sm-671">
         <name>sprintf</name>
         <value>0x838c</value>
         <object_component_ref idref="oc-46c"/>
      </symbol>
      <symbol id="sm-842">
         <name>__TI_printfi</name>
         <value>0x5972</value>
         <object_component_ref idref="oc-585"/>
      </symbol>
      <symbol id="sm-851">
         <name>__TI_ltoa</name>
         <value>0x7df0</value>
         <object_component_ref idref="oc-740"/>
      </symbol>
      <symbol id="sm-86b">
         <name>__mspabi_cmpd</name>
         <value>0x7838</value>
         <object_component_ref idref="oc-6cb"/>
      </symbol>
      <symbol id="sm-877">
         <name>__mspabi_remli</name>
         <value>0x81e2</value>
         <object_component_ref idref="oc-781"/>
      </symbol>
      <symbol id="sm-878">
         <name>__mspabi_divli</name>
         <value>0x81e2</value>
         <object_component_ref idref="oc-781"/>
      </symbol>
      <symbol id="sm-882">
         <name>__mspabi_remu</name>
         <value>0x8588</value>
         <object_component_ref idref="oc-672"/>
      </symbol>
      <symbol id="sm-883">
         <name>__mspabi_divu</name>
         <value>0x8588</value>
         <object_component_ref idref="oc-672"/>
      </symbol>
      <symbol id="sm-891">
         <name>__mspabi_remul</name>
         <value>0x8070</value>
         <object_component_ref idref="oc-6e8"/>
      </symbol>
      <symbol id="sm-892">
         <name>__mspabi_divul</name>
         <value>0x8070</value>
         <object_component_ref idref="oc-6e8"/>
      </symbol>
      <symbol id="sm-8c5">
         <name>__mspabi_divull</name>
         <value>0x5392</value>
         <object_component_ref idref="oc-6e2"/>
      </symbol>
      <symbol id="sm-8d2">
         <name>__mspabi_fixdi</name>
         <value>0x8476</value>
         <object_component_ref idref="oc-752"/>
      </symbol>
      <symbol id="sm-8e1">
         <name>__mspabi_fixdli</name>
         <value>0x7f4a</value>
         <object_component_ref idref="oc-73a"/>
      </symbol>
      <symbol id="sm-8ea">
         <name>__mspabi_fltid</name>
         <value>0x8608</value>
         <object_component_ref idref="oc-776"/>
      </symbol>
      <symbol id="sm-902">
         <name>__mspabi_fltlid</name>
         <value>0x7bbe</value>
         <object_component_ref idref="oc-746"/>
      </symbol>
      <symbol id="sm-90b">
         <name>__mspabi_negd</name>
         <value>0x844c</value>
         <object_component_ref idref="oc-6ad"/>
      </symbol>
      <symbol id="sm-914">
         <name>__mspabi_subd</name>
         <value>0x83c4</value>
         <object_component_ref idref="oc-74c"/>
      </symbol>
      <symbol id="sm-91e">
         <name>abs</name>
         <value>0x8620</value>
         <object_component_ref idref="oc-759"/>
      </symbol>
      <symbol id="sm-931">
         <name>atoi</name>
         <value>0x80c8</value>
         <object_component_ref idref="oc-645"/>
      </symbol>
      <symbol id="sm-93b">
         <name>_ctypes_</name>
         <value>0x4416</value>
         <object_component_ref idref="oc-67f"/>
      </symbol>
      <symbol id="sm-942">
         <name>errno</name>
         <value>0x1c00</value>
         <object_component_ref idref="oc-65a"/>
      </symbol>
      <symbol id="sm-95e">
         <name>frexpl</name>
         <value>0x7a7a</value>
         <object_component_ref idref="oc-71b"/>
      </symbol>
      <symbol id="sm-95f">
         <name>frexp</name>
         <value>0x7a7a</value>
         <object_component_ref idref="oc-71b"/>
      </symbol>
      <symbol id="sm-978">
         <name>scalbn</name>
         <value>0x708e</value>
         <object_component_ref idref="oc-76a"/>
      </symbol>
      <symbol id="sm-979">
         <name>scalbnl</name>
         <value>0x708e</value>
         <object_component_ref idref="oc-76a"/>
      </symbol>
      <symbol id="sm-97a">
         <name>ldexpl</name>
         <value>0x708e</value>
         <object_component_ref idref="oc-76a"/>
      </symbol>
      <symbol id="sm-97b">
         <name>ldexp</name>
         <value>0x708e</value>
         <object_component_ref idref="oc-76a"/>
      </symbol>
      <symbol id="sm-984">
         <name>copysign</name>
         <value>0x83f2</value>
         <object_component_ref idref="oc-794"/>
      </symbol>
      <symbol id="sm-985">
         <name>copysignl</name>
         <value>0x83f2</value>
         <object_component_ref idref="oc-794"/>
      </symbol>
      <symbol id="sm-994">
         <name>memccpy</name>
         <value>0x84e6</value>
         <object_component_ref idref="oc-632"/>
      </symbol>
      <symbol id="sm-9a2">
         <name>memset</name>
         <value>0x859e</value>
         <object_component_ref idref="oc-625"/>
      </symbol>
      <symbol id="sm-9b1">
         <name>strchr</name>
         <value>0x853e</value>
         <object_component_ref idref="oc-770"/>
      </symbol>
      <symbol id="sm-9be">
         <name>strlen</name>
         <value>0x85fa</value>
         <object_component_ref idref="oc-5d0"/>
      </symbol>
      <symbol id="sm-9cb">
         <name>toupper</name>
         <value>0x8614</value>
         <object_component_ref idref="oc-6a7"/>
      </symbol>
      <symbol id="sm-9e3">
         <name>wcslen</name>
         <value>0x85b2</value>
         <object_component_ref idref="oc-654"/>
      </symbol>
   </symbol_table>
   <title>Link successful</title>
</link_info>
